Archive member included to satisfy reference by file (symbol)

c:/freescale/kds_v3/toolchain/bin/../lib/gcc/arm-none-eabi/7.2.1/thumb/v6-m\libgcc.a(_udivsi3.o)
                              ./Sources/drivers/UART/UART.o (__aeabi_uidiv)
c:/freescale/kds_v3/toolchain/bin/../lib/gcc/arm-none-eabi/7.2.1/thumb/v6-m\libgcc.a(_dvmd_tls.o)
                              c:/freescale/kds_v3/toolchain/bin/../lib/gcc/arm-none-eabi/7.2.1/thumb/v6-m\libgcc.a(_udivsi3.o) (__aeabi_idiv0)
c:/freescale/kds_v3/toolchain/bin/../lib/gcc/arm-none-eabi/7.2.1/../../../../arm-none-eabi/lib/thumb/v6-m\libg_nano.a(lib_a-exit.o)
                              c:/freescale/kds_v3/toolchain/bin/../lib/gcc/arm-none-eabi/7.2.1/../../../../arm-none-eabi/lib/thumb/v6-m/crt0.o (exit)
c:/freescale/kds_v3/toolchain/bin/../lib/gcc/arm-none-eabi/7.2.1/../../../../arm-none-eabi/lib/thumb/v6-m\libg_nano.a(lib_a-impure.o)
                              c:/freescale/kds_v3/toolchain/bin/../lib/gcc/arm-none-eabi/7.2.1/../../../../arm-none-eabi/lib/thumb/v6-m\libg_nano.a(lib_a-exit.o) (_global_impure_ptr)
c:/freescale/kds_v3/toolchain/bin/../lib/gcc/arm-none-eabi/7.2.1/../../../../arm-none-eabi/lib/thumb/v6-m\libg_nano.a(lib_a-init.o)
                              c:/freescale/kds_v3/toolchain/bin/../lib/gcc/arm-none-eabi/7.2.1/../../../../arm-none-eabi/lib/thumb/v6-m/crt0.o (__libc_init_array)
c:/freescale/kds_v3/toolchain/bin/../lib/gcc/arm-none-eabi/7.2.1/../../../../arm-none-eabi/lib/thumb/v6-m\libg_nano.a(lib_a-memset.o)
                              c:/freescale/kds_v3/toolchain/bin/../lib/gcc/arm-none-eabi/7.2.1/../../../../arm-none-eabi/lib/thumb/v6-m/crt0.o (memset)
c:/freescale/kds_v3/toolchain/bin/../lib/gcc/arm-none-eabi/7.2.1/../../../../arm-none-eabi/lib/thumb/v6-m\libnosys.a(_exit.o)
                              c:/freescale/kds_v3/toolchain/bin/../lib/gcc/arm-none-eabi/7.2.1/../../../../arm-none-eabi/lib/thumb/v6-m\libg_nano.a(lib_a-exit.o) (_exit)

Allocating common symbols
Common symbol       size              file

s_flash_run_entry   0x4               ./Sources/bl_core.o

Discarded input sections

 .text          0x00000000        0x0 c:/freescale/kds_v3/toolchain/bin/../lib/gcc/arm-none-eabi/7.2.1/thumb/v6-m/crti.o
 .data          0x00000000        0x0 c:/freescale/kds_v3/toolchain/bin/../lib/gcc/arm-none-eabi/7.2.1/thumb/v6-m/crti.o
 .bss           0x00000000        0x0 c:/freescale/kds_v3/toolchain/bin/../lib/gcc/arm-none-eabi/7.2.1/thumb/v6-m/crti.o
 .data          0x00000000        0x4 c:/freescale/kds_v3/toolchain/bin/../lib/gcc/arm-none-eabi/7.2.1/thumb/v6-m/crtbegin.o
 .data          0x00000000        0x0 c:/freescale/kds_v3/toolchain/bin/../lib/gcc/arm-none-eabi/7.2.1/../../../../arm-none-eabi/lib/thumb/v6-m/crt0.o
 .bss           0x00000000        0x0 c:/freescale/kds_v3/toolchain/bin/../lib/gcc/arm-none-eabi/7.2.1/../../../../arm-none-eabi/lib/thumb/v6-m/crt0.o
 .ARM.extab     0x00000000        0x0 c:/freescale/kds_v3/toolchain/bin/../lib/gcc/arm-none-eabi/7.2.1/../../../../arm-none-eabi/lib/thumb/v6-m/crt0.o
 .group         0x00000000        0xc ./Sources/drivers/UART/UART.o
 .group         0x00000000        0xc ./Sources/drivers/UART/UART.o
 .group         0x00000000        0xc ./Sources/drivers/UART/UART.o
 .group         0x00000000        0xc ./Sources/drivers/UART/UART.o
 .group         0x00000000        0xc ./Sources/drivers/UART/UART.o
 .group         0x00000000        0xc ./Sources/drivers/UART/UART.o
 .group         0x00000000        0xc ./Sources/drivers/UART/UART.o
 .group         0x00000000        0xc ./Sources/drivers/UART/UART.o
 .group         0x00000000        0xc ./Sources/drivers/UART/UART.o
 .group         0x00000000        0xc ./Sources/drivers/UART/UART.o
 .group         0x00000000        0xc ./Sources/drivers/UART/UART.o
 .group         0x00000000        0xc ./Sources/drivers/UART/UART.o
 .group         0x00000000        0xc ./Sources/drivers/UART/UART.o
 .group         0x00000000        0xc ./Sources/drivers/UART/UART.o
 .group         0x00000000        0xc ./Sources/drivers/UART/UART.o
 .group         0x00000000        0xc ./Sources/drivers/UART/UART.o
 .group         0x00000000        0xc ./Sources/drivers/UART/UART.o
 .group         0x00000000        0xc ./Sources/drivers/UART/UART.o
 .group         0x00000000        0xc ./Sources/drivers/UART/UART.o
 .group         0x00000000        0xc ./Sources/drivers/UART/UART.o
 .group         0x00000000        0xc ./Sources/drivers/UART/UART.o
 .group         0x00000000        0xc ./Sources/drivers/UART/UART.o
 .group         0x00000000        0xc ./Sources/drivers/UART/UART.o
 .group         0x00000000        0xc ./Sources/drivers/UART/UART.o
 .group         0x00000000        0xc ./Sources/drivers/UART/UART.o
 .group         0x00000000        0xc ./Sources/drivers/UART/UART.o
 .group         0x00000000        0xc ./Sources/drivers/UART/UART.o
 .group         0x00000000        0xc ./Sources/drivers/UART/UART.o
 .group         0x00000000        0xc ./Sources/drivers/UART/UART.o
 .group         0x00000000        0xc ./Sources/drivers/UART/UART.o
 .group         0x00000000        0xc ./Sources/drivers/UART/UART.o
 .group         0x00000000        0xc ./Sources/drivers/UART/UART.o
 .group         0x00000000        0xc ./Sources/drivers/UART/UART.o
 .text          0x00000000        0x0 ./Sources/drivers/UART/UART.o
 .data          0x00000000        0x0 ./Sources/drivers/UART/UART.o
 .bss           0x00000000        0x0 ./Sources/drivers/UART/UART.o
 .text.NVIC_EnableIRQ
                0x00000000       0x2c ./Sources/drivers/UART/UART.o
 .text.NVIC_ClearPendingIRQ
                0x00000000       0x30 ./Sources/drivers/UART/UART.o
 .text.NVIC_SetPriority
                0x00000000       0xdc ./Sources/drivers/UART/UART.o
 .text.Uart_Init
                0x00000000      0x370 ./Sources/drivers/UART/UART.o
 .text.Uart_DeInit
                0x00000000       0x20 ./Sources/drivers/UART/UART.o
 .text.Uart_Read
                0x00000000       0xf4 ./Sources/drivers/UART/UART.o
 .text.Uart_Write
                0x00000000      0x2d4 ./Sources/drivers/UART/UART.o
 .text.Uart_GetRxQueueLevel
                0x00000000       0x58 ./Sources/drivers/UART/UART.o
 .text.Uart_GetTxQueueLevel
                0x00000000       0x58 ./Sources/drivers/UART/UART.o
 .group         0x00000000        0xc ./Sources/drivers/DbgConsole/DbgConsole.o
 .group         0x00000000        0xc ./Sources/drivers/DbgConsole/DbgConsole.o
 .group         0x00000000        0xc ./Sources/drivers/DbgConsole/DbgConsole.o
 .group         0x00000000        0xc ./Sources/drivers/DbgConsole/DbgConsole.o
 .group         0x00000000        0xc ./Sources/drivers/DbgConsole/DbgConsole.o
 .group         0x00000000        0xc ./Sources/drivers/DbgConsole/DbgConsole.o
 .group         0x00000000        0xc ./Sources/drivers/DbgConsole/DbgConsole.o
 .group         0x00000000        0xc ./Sources/drivers/DbgConsole/DbgConsole.o
 .group         0x00000000        0xc ./Sources/drivers/DbgConsole/DbgConsole.o
 .group         0x00000000        0xc ./Sources/drivers/DbgConsole/DbgConsole.o
 .group         0x00000000        0xc ./Sources/drivers/DbgConsole/DbgConsole.o
 .group         0x00000000        0xc ./Sources/drivers/DbgConsole/DbgConsole.o
 .group         0x00000000        0xc ./Sources/drivers/DbgConsole/DbgConsole.o
 .group         0x00000000        0xc ./Sources/drivers/DbgConsole/DbgConsole.o
 .group         0x00000000        0xc ./Sources/drivers/DbgConsole/DbgConsole.o
 .group         0x00000000        0xc ./Sources/drivers/DbgConsole/DbgConsole.o
 .group         0x00000000        0xc ./Sources/drivers/DbgConsole/DbgConsole.o
 .group         0x00000000        0xc ./Sources/drivers/DbgConsole/DbgConsole.o
 .group         0x00000000        0xc ./Sources/drivers/DbgConsole/DbgConsole.o
 .group         0x00000000        0xc ./Sources/drivers/DbgConsole/DbgConsole.o
 .group         0x00000000        0xc ./Sources/drivers/DbgConsole/DbgConsole.o
 .group         0x00000000        0xc ./Sources/drivers/DbgConsole/DbgConsole.o
 .group         0x00000000        0xc ./Sources/drivers/DbgConsole/DbgConsole.o
 .group         0x00000000        0xc ./Sources/drivers/DbgConsole/DbgConsole.o
 .group         0x00000000        0xc ./Sources/drivers/DbgConsole/DbgConsole.o
 .group         0x00000000        0xc ./Sources/drivers/DbgConsole/DbgConsole.o
 .group         0x00000000        0xc ./Sources/drivers/DbgConsole/DbgConsole.o
 .group         0x00000000        0xc ./Sources/drivers/DbgConsole/DbgConsole.o
 .group         0x00000000        0xc ./Sources/drivers/DbgConsole/DbgConsole.o
 .group         0x00000000        0xc ./Sources/drivers/DbgConsole/DbgConsole.o
 .group         0x00000000        0xc ./Sources/drivers/DbgConsole/DbgConsole.o
 .text          0x00000000        0x0 ./Sources/drivers/DbgConsole/DbgConsole.o
 .data          0x00000000        0x0 ./Sources/drivers/DbgConsole/DbgConsole.o
 .bss           0x00000000        0x0 ./Sources/drivers/DbgConsole/DbgConsole.o
 .data.pUART    0x00000000        0x4 ./Sources/drivers/DbgConsole/DbgConsole.o
 .text.DbgConsole_Init
                0x00000000       0x2c ./Sources/drivers/DbgConsole/DbgConsole.o
 .text._read    0x00000000       0x6c ./Sources/drivers/DbgConsole/DbgConsole.o
 .text._write   0x00000000       0x48 ./Sources/drivers/DbgConsole/DbgConsole.o
 .text.UART_Init
                0x00000000       0xa0 ./Sources/drivers/DbgConsole/DbgConsole.o
 .text.UART_SendChar
                0x00000000       0x30 ./Sources/drivers/DbgConsole/DbgConsole.o
 .text.UART_GetChar
                0x00000000       0x2a ./Sources/drivers/DbgConsole/DbgConsole.o
 .debug_info    0x00000000      0xb92 ./Sources/drivers/DbgConsole/DbgConsole.o
 .debug_abbrev  0x00000000      0x25e ./Sources/drivers/DbgConsole/DbgConsole.o
 .debug_aranges
                0x00000000       0x48 ./Sources/drivers/DbgConsole/DbgConsole.o
 .debug_ranges  0x00000000       0x38 ./Sources/drivers/DbgConsole/DbgConsole.o
 .debug_macro   0x00000000      0x1a1 ./Sources/drivers/DbgConsole/DbgConsole.o
 .debug_macro   0x00000000      0xa30 ./Sources/drivers/DbgConsole/DbgConsole.o
 .debug_macro   0x00000000       0x22 ./Sources/drivers/DbgConsole/DbgConsole.o
 .debug_macro   0x00000000       0x4f ./Sources/drivers/DbgConsole/DbgConsole.o
 .debug_macro   0x00000000       0x51 ./Sources/drivers/DbgConsole/DbgConsole.o
 .debug_macro   0x00000000       0xef ./Sources/drivers/DbgConsole/DbgConsole.o
 .debug_macro   0x00000000       0x6a ./Sources/drivers/DbgConsole/DbgConsole.o
 .debug_macro   0x00000000      0x1df ./Sources/drivers/DbgConsole/DbgConsole.o
 .debug_macro   0x00000000       0x58 ./Sources/drivers/DbgConsole/DbgConsole.o
 .debug_macro   0x00000000       0x17 ./Sources/drivers/DbgConsole/DbgConsole.o
 .debug_macro   0x00000000       0x35 ./Sources/drivers/DbgConsole/DbgConsole.o
 .debug_macro   0x00000000       0x9c ./Sources/drivers/DbgConsole/DbgConsole.o
 .debug_macro   0x00000000       0x16 ./Sources/drivers/DbgConsole/DbgConsole.o
 .debug_macro   0x00000000       0x97 ./Sources/drivers/DbgConsole/DbgConsole.o
 .debug_macro   0x00000000      0x353 ./Sources/drivers/DbgConsole/DbgConsole.o
 .debug_macro   0x00000000       0xf6 ./Sources/drivers/DbgConsole/DbgConsole.o
 .debug_macro   0x00000000       0x10 ./Sources/drivers/DbgConsole/DbgConsole.o
 .debug_macro   0x00000000       0x58 ./Sources/drivers/DbgConsole/DbgConsole.o
 .debug_macro   0x00000000       0x1f ./Sources/drivers/DbgConsole/DbgConsole.o
 .debug_macro   0x00000000       0x43 ./Sources/drivers/DbgConsole/DbgConsole.o
 .debug_macro   0x00000000       0x20 ./Sources/drivers/DbgConsole/DbgConsole.o
 .debug_macro   0x00000000      0x18e ./Sources/drivers/DbgConsole/DbgConsole.o
 .debug_macro   0x00000000       0x10 ./Sources/drivers/DbgConsole/DbgConsole.o
 .debug_macro   0x00000000       0xb6 ./Sources/drivers/DbgConsole/DbgConsole.o
 .debug_macro   0x00000000       0x16 ./Sources/drivers/DbgConsole/DbgConsole.o
 .debug_macro   0x00000000      0x129 ./Sources/drivers/DbgConsole/DbgConsole.o
 .debug_macro   0x00000000       0x63 ./Sources/drivers/DbgConsole/DbgConsole.o
 .debug_macro   0x00000000       0x3a ./Sources/drivers/DbgConsole/DbgConsole.o
 .debug_macro   0x00000000       0x26 ./Sources/drivers/DbgConsole/DbgConsole.o
 .debug_macro   0x00000000      0x306 ./Sources/drivers/DbgConsole/DbgConsole.o
 .debug_macro   0x00000000       0x28 ./Sources/drivers/DbgConsole/DbgConsole.o
 .debug_macro   0x00000000     0x390e ./Sources/drivers/DbgConsole/DbgConsole.o
 .debug_line    0x00000000      0x3b4 ./Sources/drivers/DbgConsole/DbgConsole.o
 .debug_str     0x00000000    0x191b4 ./Sources/drivers/DbgConsole/DbgConsole.o
 .comment       0x00000000       0x7f ./Sources/drivers/DbgConsole/DbgConsole.o
 .debug_frame   0x00000000       0xd0 ./Sources/drivers/DbgConsole/DbgConsole.o
 .ARM.attributes
                0x00000000       0x32 ./Sources/drivers/DbgConsole/DbgConsole.o
 .group         0x00000000        0xc ./Sources/bl_core.o
 .group         0x00000000        0xc ./Sources/bl_core.o
 .group         0x00000000        0xc ./Sources/bl_core.o
 .group         0x00000000        0xc ./Sources/bl_core.o
 .group         0x00000000        0xc ./Sources/bl_core.o
 .group         0x00000000        0xc ./Sources/bl_core.o
 .group         0x00000000        0xc ./Sources/bl_core.o
 .group         0x00000000        0xc ./Sources/bl_core.o
 .group         0x00000000        0xc ./Sources/bl_core.o
 .group         0x00000000        0xc ./Sources/bl_core.o
 .group         0x00000000        0xc ./Sources/bl_core.o
 .group         0x00000000        0xc ./Sources/bl_core.o
 .group         0x00000000        0xc ./Sources/bl_core.o
 .group         0x00000000        0xc ./Sources/bl_core.o
 .group         0x00000000        0xc ./Sources/bl_core.o
 .group         0x00000000        0xc ./Sources/bl_core.o
 .group         0x00000000        0xc ./Sources/bl_core.o
 .text          0x00000000        0x0 ./Sources/bl_core.o
 .data          0x00000000        0x0 ./Sources/bl_core.o
 .bss           0x00000000        0x0 ./Sources/bl_core.o
 .bss.s_flash_ram_function
                0x00000000       0x20 ./Sources/bl_core.o
 .debug_macro   0x00000000      0xa30 ./Sources/bl_core.o
 .debug_macro   0x00000000       0x22 ./Sources/bl_core.o
 .debug_macro   0x00000000       0x4f ./Sources/bl_core.o
 .debug_macro   0x00000000       0x51 ./Sources/bl_core.o
 .debug_macro   0x00000000       0xef ./Sources/bl_core.o
 .debug_macro   0x00000000       0x6a ./Sources/bl_core.o
 .debug_macro   0x00000000      0x1df ./Sources/bl_core.o
 .debug_macro   0x00000000       0x63 ./Sources/bl_core.o
 .debug_macro   0x00000000       0x3a ./Sources/bl_core.o
 .debug_macro   0x00000000       0x26 ./Sources/bl_core.o
 .debug_macro   0x00000000      0x306 ./Sources/bl_core.o
 .debug_macro   0x00000000       0x28 ./Sources/bl_core.o
 .debug_macro   0x00000000     0x390e ./Sources/bl_core.o
 .group         0x00000000        0xc ./Sources/flash.o
 .group         0x00000000        0xc ./Sources/flash.o
 .group         0x00000000        0xc ./Sources/flash.o
 .group         0x00000000        0xc ./Sources/flash.o
 .group         0x00000000        0xc ./Sources/flash.o
 .group         0x00000000        0xc ./Sources/flash.o
 .group         0x00000000        0xc ./Sources/flash.o
 .group         0x00000000        0xc ./Sources/flash.o
 .group         0x00000000        0xc ./Sources/flash.o
 .group         0x00000000        0xc ./Sources/flash.o
 .group         0x00000000        0xc ./Sources/flash.o
 .group         0x00000000        0xc ./Sources/flash.o
 .group         0x00000000        0xc ./Sources/flash.o
 .group         0x00000000        0xc ./Sources/flash.o
 .group         0x00000000        0xc ./Sources/flash.o
 .group         0x00000000        0xc ./Sources/flash.o
 .text          0x00000000        0x0 ./Sources/flash.o
 .data          0x00000000        0x0 ./Sources/flash.o
 .bss           0x00000000        0x0 ./Sources/flash.o
 .rodata.kFCCOBx
                0x00000000        0x4 ./Sources/flash.o
 .debug_macro   0x00000000      0xa30 ./Sources/flash.o
 .debug_macro   0x00000000       0x22 ./Sources/flash.o
 .debug_macro   0x00000000       0x4f ./Sources/flash.o
 .debug_macro   0x00000000       0x51 ./Sources/flash.o
 .debug_macro   0x00000000       0xef ./Sources/flash.o
 .debug_macro   0x00000000       0x6a ./Sources/flash.o
 .debug_macro   0x00000000      0x1df ./Sources/flash.o
 .debug_macro   0x00000000       0x22 ./Sources/flash.o
 .debug_macro   0x00000000       0x63 ./Sources/flash.o
 .debug_macro   0x00000000       0x3a ./Sources/flash.o
 .debug_macro   0x00000000       0x26 ./Sources/flash.o
 .debug_macro   0x00000000      0x306 ./Sources/flash.o
 .debug_macro   0x00000000       0x28 ./Sources/flash.o
 .debug_macro   0x00000000     0x390e ./Sources/flash.o
 .debug_macro   0x00000000       0x5e ./Sources/flash.o
 .debug_macro   0x00000000       0x8e ./Sources/flash.o
 .data          0x00000000        0x0 ./Project_Settings/SKEAZN642/Startup_Code/startup_SKEAZN642.o
 .bss           0x00000000        0x0 ./Project_Settings/SKEAZN642/Startup_Code/startup_SKEAZN642.o
 .group         0x00000000        0xc ./Project_Settings/SKEAZN642/Startup_Code/system_SKEAZN642.o
 .group         0x00000000        0xc ./Project_Settings/SKEAZN642/Startup_Code/system_SKEAZN642.o
 .group         0x00000000        0xc ./Project_Settings/SKEAZN642/Startup_Code/system_SKEAZN642.o
 .group         0x00000000        0xc ./Project_Settings/SKEAZN642/Startup_Code/system_SKEAZN642.o
 .group         0x00000000        0xc ./Project_Settings/SKEAZN642/Startup_Code/system_SKEAZN642.o
 .group         0x00000000        0xc ./Project_Settings/SKEAZN642/Startup_Code/system_SKEAZN642.o
 .group         0x00000000        0xc ./Project_Settings/SKEAZN642/Startup_Code/system_SKEAZN642.o
 .group         0x00000000        0xc ./Project_Settings/SKEAZN642/Startup_Code/system_SKEAZN642.o
 .group         0x00000000        0xc ./Project_Settings/SKEAZN642/Startup_Code/system_SKEAZN642.o
 .group         0x00000000        0xc ./Project_Settings/SKEAZN642/Startup_Code/system_SKEAZN642.o
 .group         0x00000000        0xc ./Project_Settings/SKEAZN642/Startup_Code/system_SKEAZN642.o
 .group         0x00000000        0xc ./Project_Settings/SKEAZN642/Startup_Code/system_SKEAZN642.o
 .group         0x00000000        0xc ./Project_Settings/SKEAZN642/Startup_Code/system_SKEAZN642.o
 .text          0x00000000        0x0 ./Project_Settings/SKEAZN642/Startup_Code/system_SKEAZN642.o
 .data          0x00000000        0x0 ./Project_Settings/SKEAZN642/Startup_Code/system_SKEAZN642.o
 .bss           0x00000000        0x0 ./Project_Settings/SKEAZN642/Startup_Code/system_SKEAZN642.o
 .data.SystemCoreClock
                0x00000000        0x4 ./Project_Settings/SKEAZN642/Startup_Code/system_SKEAZN642.o
 .text.SystemCoreClockUpdate
                0x00000000       0xec ./Project_Settings/SKEAZN642/Startup_Code/system_SKEAZN642.o
 .debug_macro   0x00000000      0xa30 ./Project_Settings/SKEAZN642/Startup_Code/system_SKEAZN642.o
 .debug_macro   0x00000000       0x22 ./Project_Settings/SKEAZN642/Startup_Code/system_SKEAZN642.o
 .debug_macro   0x00000000       0x4f ./Project_Settings/SKEAZN642/Startup_Code/system_SKEAZN642.o
 .debug_macro   0x00000000       0x51 ./Project_Settings/SKEAZN642/Startup_Code/system_SKEAZN642.o
 .debug_macro   0x00000000       0xef ./Project_Settings/SKEAZN642/Startup_Code/system_SKEAZN642.o
 .debug_macro   0x00000000       0x6a ./Project_Settings/SKEAZN642/Startup_Code/system_SKEAZN642.o
 .debug_macro   0x00000000      0x1df ./Project_Settings/SKEAZN642/Startup_Code/system_SKEAZN642.o
 .debug_macro   0x00000000       0x63 ./Project_Settings/SKEAZN642/Startup_Code/system_SKEAZN642.o
 .debug_macro   0x00000000       0x3a ./Project_Settings/SKEAZN642/Startup_Code/system_SKEAZN642.o
 .debug_macro   0x00000000       0x26 ./Project_Settings/SKEAZN642/Startup_Code/system_SKEAZN642.o
 .debug_macro   0x00000000      0x306 ./Project_Settings/SKEAZN642/Startup_Code/system_SKEAZN642.o
 .debug_macro   0x00000000       0x28 ./Project_Settings/SKEAZN642/Startup_Code/system_SKEAZN642.o
 .debug_macro   0x00000000     0x390e ./Project_Settings/SKEAZN642/Startup_Code/system_SKEAZN642.o
 .text          0x00000000      0x114 c:/freescale/kds_v3/toolchain/bin/../lib/gcc/arm-none-eabi/7.2.1/thumb/v6-m\libgcc.a(_udivsi3.o)
 .data          0x00000000        0x0 c:/freescale/kds_v3/toolchain/bin/../lib/gcc/arm-none-eabi/7.2.1/thumb/v6-m\libgcc.a(_udivsi3.o)
 .bss           0x00000000        0x0 c:/freescale/kds_v3/toolchain/bin/../lib/gcc/arm-none-eabi/7.2.1/thumb/v6-m\libgcc.a(_udivsi3.o)
 .debug_frame   0x00000000       0x20 c:/freescale/kds_v3/toolchain/bin/../lib/gcc/arm-none-eabi/7.2.1/thumb/v6-m\libgcc.a(_udivsi3.o)
 .ARM.attributes
                0x00000000       0x1e c:/freescale/kds_v3/toolchain/bin/../lib/gcc/arm-none-eabi/7.2.1/thumb/v6-m\libgcc.a(_udivsi3.o)
 .text          0x00000000        0x4 c:/freescale/kds_v3/toolchain/bin/../lib/gcc/arm-none-eabi/7.2.1/thumb/v6-m\libgcc.a(_dvmd_tls.o)
 .data          0x00000000        0x0 c:/freescale/kds_v3/toolchain/bin/../lib/gcc/arm-none-eabi/7.2.1/thumb/v6-m\libgcc.a(_dvmd_tls.o)
 .bss           0x00000000        0x0 c:/freescale/kds_v3/toolchain/bin/../lib/gcc/arm-none-eabi/7.2.1/thumb/v6-m\libgcc.a(_dvmd_tls.o)
 .ARM.attributes
                0x00000000       0x1e c:/freescale/kds_v3/toolchain/bin/../lib/gcc/arm-none-eabi/7.2.1/thumb/v6-m\libgcc.a(_dvmd_tls.o)
 .text          0x00000000        0x0 c:/freescale/kds_v3/toolchain/bin/../lib/gcc/arm-none-eabi/7.2.1/../../../../arm-none-eabi/lib/thumb/v6-m\libg_nano.a(lib_a-exit.o)
 .data          0x00000000        0x0 c:/freescale/kds_v3/toolchain/bin/../lib/gcc/arm-none-eabi/7.2.1/../../../../arm-none-eabi/lib/thumb/v6-m\libg_nano.a(lib_a-exit.o)
 .bss           0x00000000        0x0 c:/freescale/kds_v3/toolchain/bin/../lib/gcc/arm-none-eabi/7.2.1/../../../../arm-none-eabi/lib/thumb/v6-m\libg_nano.a(lib_a-exit.o)
 .text          0x00000000        0x0 c:/freescale/kds_v3/toolchain/bin/../lib/gcc/arm-none-eabi/7.2.1/../../../../arm-none-eabi/lib/thumb/v6-m\libg_nano.a(lib_a-impure.o)
 .data          0x00000000        0x0 c:/freescale/kds_v3/toolchain/bin/../lib/gcc/arm-none-eabi/7.2.1/../../../../arm-none-eabi/lib/thumb/v6-m\libg_nano.a(lib_a-impure.o)
 .bss           0x00000000        0x0 c:/freescale/kds_v3/toolchain/bin/../lib/gcc/arm-none-eabi/7.2.1/../../../../arm-none-eabi/lib/thumb/v6-m\libg_nano.a(lib_a-impure.o)
 .data._impure_ptr
                0x00000000        0x4 c:/freescale/kds_v3/toolchain/bin/../lib/gcc/arm-none-eabi/7.2.1/../../../../arm-none-eabi/lib/thumb/v6-m\libg_nano.a(lib_a-impure.o)
 .text          0x00000000        0x0 c:/freescale/kds_v3/toolchain/bin/../lib/gcc/arm-none-eabi/7.2.1/../../../../arm-none-eabi/lib/thumb/v6-m\libg_nano.a(lib_a-init.o)
 .data          0x00000000        0x0 c:/freescale/kds_v3/toolchain/bin/../lib/gcc/arm-none-eabi/7.2.1/../../../../arm-none-eabi/lib/thumb/v6-m\libg_nano.a(lib_a-init.o)
 .bss           0x00000000        0x0 c:/freescale/kds_v3/toolchain/bin/../lib/gcc/arm-none-eabi/7.2.1/../../../../arm-none-eabi/lib/thumb/v6-m\libg_nano.a(lib_a-init.o)
 .text          0x00000000        0x0 c:/freescale/kds_v3/toolchain/bin/../lib/gcc/arm-none-eabi/7.2.1/../../../../arm-none-eabi/lib/thumb/v6-m\libg_nano.a(lib_a-memset.o)
 .data          0x00000000        0x0 c:/freescale/kds_v3/toolchain/bin/../lib/gcc/arm-none-eabi/7.2.1/../../../../arm-none-eabi/lib/thumb/v6-m\libg_nano.a(lib_a-memset.o)
 .bss           0x00000000        0x0 c:/freescale/kds_v3/toolchain/bin/../lib/gcc/arm-none-eabi/7.2.1/../../../../arm-none-eabi/lib/thumb/v6-m\libg_nano.a(lib_a-memset.o)
 .text          0x00000000        0x0 c:/freescale/kds_v3/toolchain/bin/../lib/gcc/arm-none-eabi/7.2.1/../../../../arm-none-eabi/lib/thumb/v6-m\libnosys.a(_exit.o)
 .data          0x00000000        0x0 c:/freescale/kds_v3/toolchain/bin/../lib/gcc/arm-none-eabi/7.2.1/../../../../arm-none-eabi/lib/thumb/v6-m\libnosys.a(_exit.o)
 .bss           0x00000000        0x0 c:/freescale/kds_v3/toolchain/bin/../lib/gcc/arm-none-eabi/7.2.1/../../../../arm-none-eabi/lib/thumb/v6-m\libnosys.a(_exit.o)
 .text          0x00000000        0x0 c:/freescale/kds_v3/toolchain/bin/../lib/gcc/arm-none-eabi/7.2.1/thumb/v6-m/crtend.o
 .data          0x00000000        0x0 c:/freescale/kds_v3/toolchain/bin/../lib/gcc/arm-none-eabi/7.2.1/thumb/v6-m/crtend.o
 .bss           0x00000000        0x0 c:/freescale/kds_v3/toolchain/bin/../lib/gcc/arm-none-eabi/7.2.1/thumb/v6-m/crtend.o
 .eh_frame      0x00000000        0x4 c:/freescale/kds_v3/toolchain/bin/../lib/gcc/arm-none-eabi/7.2.1/thumb/v6-m/crtend.o
 .ARM.attributes
                0x00000000       0x2c c:/freescale/kds_v3/toolchain/bin/../lib/gcc/arm-none-eabi/7.2.1/thumb/v6-m/crtend.o
 .text          0x00000000        0x0 c:/freescale/kds_v3/toolchain/bin/../lib/gcc/arm-none-eabi/7.2.1/thumb/v6-m/crtn.o
 .data          0x00000000        0x0 c:/freescale/kds_v3/toolchain/bin/../lib/gcc/arm-none-eabi/7.2.1/thumb/v6-m/crtn.o
 .bss           0x00000000        0x0 c:/freescale/kds_v3/toolchain/bin/../lib/gcc/arm-none-eabi/7.2.1/thumb/v6-m/crtn.o

Memory Configuration

Name             Origin             Length             Attributes
m_interrupts     0x00000000         0x00000100         xr
m_flash_config   0x00000400         0x00000010         xr
m_text           0x00000410         0x0000fbf0         xr
m_data           0x1ffffc00         0x00001000         rw
*default*        0x00000000         0xffffffff

Linker script and memory map

LOAD c:/freescale/kds_v3/toolchain/bin/../lib/gcc/arm-none-eabi/7.2.1/thumb/v6-m/crti.o
LOAD c:/freescale/kds_v3/toolchain/bin/../lib/gcc/arm-none-eabi/7.2.1/thumb/v6-m/crtbegin.o
LOAD c:/freescale/kds_v3/toolchain/bin/../lib/gcc/arm-none-eabi/7.2.1/../../../../arm-none-eabi/lib/thumb/v6-m/crt0.o
LOAD ./Sources/drivers/UART/UART.o
LOAD ./Sources/drivers/DbgConsole/DbgConsole.o
LOAD ./Sources/bl_core.o
LOAD ./Sources/flash.o
LOAD ./Project_Settings/SKEAZN642/Startup_Code/startup_SKEAZN642.o
LOAD ./Project_Settings/SKEAZN642/Startup_Code/system_SKEAZN642.o
LOAD c:/freescale/kds_v3/toolchain/bin/../lib/gcc/arm-none-eabi/7.2.1/../../../../arm-none-eabi/lib/thumb/v6-m\libstdc++_nano.a
LOAD c:/freescale/kds_v3/toolchain/bin/../lib/gcc/arm-none-eabi/7.2.1/../../../../arm-none-eabi/lib/thumb/v6-m\libm.a
START GROUP
LOAD c:/freescale/kds_v3/toolchain/bin/../lib/gcc/arm-none-eabi/7.2.1/thumb/v6-m\libgcc.a
LOAD c:/freescale/kds_v3/toolchain/bin/../lib/gcc/arm-none-eabi/7.2.1/../../../../arm-none-eabi/lib/thumb/v6-m\libg_nano.a
LOAD c:/freescale/kds_v3/toolchain/bin/../lib/gcc/arm-none-eabi/7.2.1/../../../../arm-none-eabi/lib/thumb/v6-m\libc_nano.a
END GROUP
START GROUP
LOAD c:/freescale/kds_v3/toolchain/bin/../lib/gcc/arm-none-eabi/7.2.1/thumb/v6-m\libgcc.a
LOAD c:/freescale/kds_v3/toolchain/bin/../lib/gcc/arm-none-eabi/7.2.1/../../../../arm-none-eabi/lib/thumb/v6-m\libc_nano.a
LOAD c:/freescale/kds_v3/toolchain/bin/../lib/gcc/arm-none-eabi/7.2.1/../../../../arm-none-eabi/lib/thumb/v6-m\libnosys.a
END GROUP
START GROUP
LOAD c:/freescale/kds_v3/toolchain/bin/../lib/gcc/arm-none-eabi/7.2.1/thumb/v6-m\libgcc.a
LOAD c:/freescale/kds_v3/toolchain/bin/../lib/gcc/arm-none-eabi/7.2.1/../../../../arm-none-eabi/lib/thumb/v6-m\libc_nano.a
LOAD c:/freescale/kds_v3/toolchain/bin/../lib/gcc/arm-none-eabi/7.2.1/../../../../arm-none-eabi/lib/thumb/v6-m\libnosys.a
END GROUP
LOAD c:/freescale/kds_v3/toolchain/bin/../lib/gcc/arm-none-eabi/7.2.1/thumb/v6-m/crtend.o
LOAD c:/freescale/kds_v3/toolchain/bin/../lib/gcc/arm-none-eabi/7.2.1/thumb/v6-m/crtn.o
                0x00000100                HEAP_SIZE = DEFINED (__heap_size__)?__heap_size__:0x100
                0x00000100                STACK_SIZE = DEFINED (__stack_size__)?__stack_size__:0x100

.interrupts     0x00000000       0xc0
                0x00000000                __VECTOR_TABLE = .
                0x00000000                . = ALIGN (0x4)
 *(.isr_vector)
 .isr_vector    0x00000000       0xc0 ./Project_Settings/SKEAZN642/Startup_Code/startup_SKEAZN642.o
                0x00000000                __isr_vector
                0x000000c0                . = ALIGN (0x4)

.flash_config   0x00000400       0x10
                0x00000400                . = ALIGN (0x4)
 *(.FlashConfig)
 .FlashConfig   0x00000400       0x10 ./Project_Settings/SKEAZN642/Startup_Code/startup_SKEAZN642.o
                0x00000410                . = ALIGN (0x4)

.text           0x00000410     0x1664
                0x00000410                . = ALIGN (0x4)
 *(.text)
 .text          0x00000410       0x48 c:/freescale/kds_v3/toolchain/bin/../lib/gcc/arm-none-eabi/7.2.1/thumb/v6-m/crtbegin.o
 .text          0x00000458       0x78 c:/freescale/kds_v3/toolchain/bin/../lib/gcc/arm-none-eabi/7.2.1/../../../../arm-none-eabi/lib/thumb/v6-m/crt0.o
                0x00000458                _start
                0x00000458                _mainCRTStartup
 .text          0x000004d0       0x44 ./Project_Settings/SKEAZN642/Startup_Code/startup_SKEAZN642.o
                0x000004d0                Reset_Handler
                0x00000510                Reserved16_IRQHandler
                0x00000510                I2C0_IRQHandler
                0x00000510                SysTick_Handler
                0x00000510                PendSV_Handler
                0x00000510                NMI_Handler
                0x00000510                Reserved19_IRQHandler
                0x00000510                Watchdog_IRQHandler
                0x00000510                Reserved42_IRQHandler
                0x00000510                ADC0_IRQHandler
                0x00000510                SPI1_IRQHandler
                0x00000510                DefaultISR
                0x00000510                Reserved25_IRQHandler
                0x00000510                RTC_IRQHandler
                0x00000510                IRQ_IRQHandler
                0x00000510                Reserved18_IRQHandler
                0x00000510                FTM1_IRQHandler
                0x00000510                PIT_CH0_IRQHandler
                0x00000510                Reserved20_IRQHandler
                0x00000510                Default_Handler
                0x00000510                Reserved17_IRQHandler
                0x00000510                Reserved47_IRQHandler
                0x00000510                ACMP0_IRQHandler
                0x00000510                SVC_Handler
                0x00000510                ICS_IRQHandler
                0x00000510                PIT_CH1_IRQHandler
                0x00000510                FTMRH_IRQHandler
                0x00000510                Reserved46_IRQHandler
                0x00000510                KBI0_IRQHandler
                0x00000510                Reserved45_IRQHandler
                0x00000510                LVD_LVW_IRQHandler
                0x00000510                SPI0_IRQHandler
                0x00000510                FTM0_IRQHandler
                0x00000510                FTM2_IRQHandler
                0x00000510                ACMP1_IRQHandler
                0x00000510                KBI1_IRQHandler
 *(.text*)
 .text.UART0_IRQHandler
                0x00000514       0xf8 ./Sources/drivers/UART/UART.o
                0x00000514                UART0_IRQHandler
 .text.UART1_IRQHandler
                0x0000060c       0xf8 ./Sources/drivers/UART/UART.o
                0x0000060c                UART1_IRQHandler
 .text.UART2_IRQHandler
                0x00000704       0xd8 ./Sources/drivers/UART/UART.o
                0x00000704                UART2_IRQHandler
 .text.Un_RxISR
                0x000007dc       0xc0 ./Sources/drivers/UART/UART.o
                0x000007dc                Un_RxISR
 .text.Un_TxISR
                0x0000089c      0x16c ./Sources/drivers/UART/UART.o
                0x0000089c                Un_TxISR
 .text.NVIC_SystemReset
                0x00000a08       0x20 ./Sources/bl_core.o
 .text.Uart_init
                0x00000a28       0x80 ./Sources/bl_core.o
 .text.hardware_init
                0x00000aa8       0xe4 ./Sources/bl_core.o
 .text.pins_init
                0x00000b8c       0x40 ./Sources/bl_core.o
 .text.stay_in_bootloader
                0x00000bcc       0x3c ./Sources/bl_core.o
 .text.bl_hw_if_write
                0x00000c08       0x40 ./Sources/bl_core.o
 .text.bl_hw_if_read_byte
                0x00000c48       0x28 ./Sources/bl_core.o
 .text.Clk_Init
                0x00000c70       0x44 ./Sources/bl_core.o
                0x00000c70                Clk_Init
 .text.crc16_update
                0x00000cb4       0x7c ./Sources/bl_core.o
                0x00000cb4                crc16_update
 .text.HardFault_Handler
                0x00000d30        0xa ./Sources/bl_core.o
                0x00000d30                HardFault_Handler
 *fill*         0x00000d3a        0x2 
 .text.is_application_valid
                0x00000d3c       0x8c ./Sources/bl_core.o
 .text.calculate_crc
                0x00000dc8       0x4c ./Sources/bl_core.o
                0x00000dc8                calculate_crc
 .text.read_byte
                0x00000e14       0x10 ./Sources/bl_core.o
 .text.serial_packet_read
                0x00000e24      0x1e8 ./Sources/bl_core.o
 .text.serial_packet_write
                0x0000100c       0xe4 ./Sources/bl_core.o
                0x0000100c                serial_packet_write
 .text.handle_get_property
                0x000010f0      0x10c ./Sources/bl_core.o
 .text.send_generic_response
                0x000011fc       0x44 ./Sources/bl_core.o
                0x000011fc                send_generic_response
 .text.handle_flash_erase_region
                0x00001240       0x68 ./Sources/bl_core.o
 .text.handle_write_memory
                0x000012a8       0x34 ./Sources/bl_core.o
 .text.handle_reset
                0x000012dc       0x18 ./Sources/bl_core.o
 .text.handle_execute
                0x000012f4       0x70 ./Sources/bl_core.o
 .text.finalize_data_phase
                0x00001364       0x1a ./Sources/bl_core.o
 *fill*         0x0000137e        0x2 
 .text.data_phase_abort
                0x00001380       0x20 ./Sources/bl_core.o
 .text.handle_data_phase
                0x000013a0       0xb0 ./Sources/bl_core.o
 .text.application_run
                0x00001450       0x54 ./Sources/bl_core.o
                0x00001450                application_run
 .text.bootloader_run
                0x000014a4       0xc8 ./Sources/bl_core.o
                0x000014a4                bootloader_run
 .text.main     0x0000156c       0x7c ./Sources/bl_core.o
                0x0000156c                main
 .text.align_down
                0x000015e8       0x1a ./Sources/flash.o
 .text.align_up
                0x00001602       0x26 ./Sources/flash.o
 .text.flash_init
                0x00001628       0x4c ./Sources/flash.o
                0x00001628                flash_init
 .text.flash_command_sequence
                0x00001674       0x6c ./Sources/flash.o
                0x00001674                flash_command_sequence
 .text.flash_erase
                0x000016e0       0x8c ./Sources/flash.o
                0x000016e0                flash_erase
 .text.flash_program
                0x0000176c       0xe4 ./Sources/flash.o
                0x0000176c                flash_program
 .text.is_valid_memory_range
                0x00001850       0x40 ./Sources/flash.o
                0x00001850                is_valid_memory_range
 .text.SystemInit
                0x00001890       0x8c ./Project_Settings/SKEAZN642/Startup_Code/system_SKEAZN642.o
                0x00001890                SystemInit
 .text.exit     0x0000191c       0x2c c:/freescale/kds_v3/toolchain/bin/../lib/gcc/arm-none-eabi/7.2.1/../../../../arm-none-eabi/lib/thumb/v6-m\libg_nano.a(lib_a-exit.o)
                0x0000191c                exit
 .text.__libc_init_array
                0x00001948       0x48 c:/freescale/kds_v3/toolchain/bin/../lib/gcc/arm-none-eabi/7.2.1/../../../../arm-none-eabi/lib/thumb/v6-m\libg_nano.a(lib_a-init.o)
                0x00001948                __libc_init_array
 .text.memset   0x00001990       0x10 c:/freescale/kds_v3/toolchain/bin/../lib/gcc/arm-none-eabi/7.2.1/../../../../arm-none-eabi/lib/thumb/v6-m\libg_nano.a(lib_a-memset.o)
                0x00001990                memset
 .text._exit    0x000019a0        0x4 c:/freescale/kds_v3/toolchain/bin/../lib/gcc/arm-none-eabi/7.2.1/../../../../arm-none-eabi/lib/thumb/v6-m\libnosys.a(_exit.o)
                0x000019a0                _exit
 *(.rodata)
 *(.rodata*)
 .rodata.s_pingPacket
                0x000019a4        0xa ./Sources/bl_core.o
 *fill*         0x000019ae        0x2 
 .rodata.s_packet_ack
                0x000019b0        0x2 ./Sources/bl_core.o
 *fill*         0x000019b2        0x2 
 .rodata.s_packet_nak
                0x000019b4        0x2 ./Sources/bl_core.o
 *fill*         0x000019b6        0x2 
 .rodata.s_packet_abort
                0x000019b8        0x2 ./Sources/bl_core.o
 *fill*         0x000019ba        0x2 
 .rodata.serial_packet_read
                0x000019bc       0x14 ./Sources/bl_core.o
 .rodata.handle_get_property
                0x000019d0       0x48 ./Sources/bl_core.o
 .rodata.bootloader_run
                0x00001a18       0x30 ./Sources/bl_core.o
 .rodata.s_flash_command_run
                0x00001a48        0xe ./Sources/flash.o
 *fill*         0x00001a56        0x2 
 .rodata._global_impure_ptr
                0x00001a58        0x4 c:/freescale/kds_v3/toolchain/bin/../lib/gcc/arm-none-eabi/7.2.1/../../../../arm-none-eabi/lib/thumb/v6-m\libg_nano.a(lib_a-impure.o)
                0x00001a58                _global_impure_ptr
 *(.glue_7)
 .glue_7        0x00001a5c        0x0 linker stubs
 *(.glue_7t)
 .glue_7t       0x00001a5c        0x0 linker stubs
 *(.eh_frame)
 .eh_frame      0x00001a5c        0x0 c:/freescale/kds_v3/toolchain/bin/../lib/gcc/arm-none-eabi/7.2.1/thumb/v6-m/crtbegin.o
 *(.init)
 .init          0x00001a5c        0x4 c:/freescale/kds_v3/toolchain/bin/../lib/gcc/arm-none-eabi/7.2.1/thumb/v6-m/crti.o
                0x00001a5c                _init
 .init          0x00001a60        0x8 c:/freescale/kds_v3/toolchain/bin/../lib/gcc/arm-none-eabi/7.2.1/thumb/v6-m/crtn.o
 *(.fini)
 .fini          0x00001a68        0x4 c:/freescale/kds_v3/toolchain/bin/../lib/gcc/arm-none-eabi/7.2.1/thumb/v6-m/crti.o
                0x00001a68                _fini
 .fini          0x00001a6c        0x8 c:/freescale/kds_v3/toolchain/bin/../lib/gcc/arm-none-eabi/7.2.1/thumb/v6-m/crtn.o
                0x00001a74                . = ALIGN (0x4)

.vfp11_veneer   0x00001a74        0x0
 .vfp11_veneer  0x00001a74        0x0 linker stubs

.v4_bx          0x00001a74        0x0
 .v4_bx         0x00001a74        0x0 linker stubs

.iplt           0x00001a74        0x0
 .iplt          0x00001a74        0x0 c:/freescale/kds_v3/toolchain/bin/../lib/gcc/arm-none-eabi/7.2.1/thumb/v6-m/crtbegin.o

.ARM.extab
 *(.ARM.extab* .gnu.linkonce.armextab.*)

.ARM            0x00001a74        0x8
                0x00001a74                __exidx_start = .
 *(.ARM.exidx*)
 .ARM.exidx     0x00001a74        0x8 c:/freescale/kds_v3/toolchain/bin/../lib/gcc/arm-none-eabi/7.2.1/../../../../arm-none-eabi/lib/thumb/v6-m/crt0.o
                0x00001a7c                __exidx_end = .

.rel.dyn        0x00001a7c        0x0
 .rel.iplt      0x00001a7c        0x0 c:/freescale/kds_v3/toolchain/bin/../lib/gcc/arm-none-eabi/7.2.1/thumb/v6-m/crtbegin.o

.ctors          0x00001a7c        0x0
                0x00001a7c                __CTOR_LIST__ = .
 *crtbegin.o(.ctors)
 *crtbegin?.o(.ctors)
 *(EXCLUDE_FILE(*crtend.o *crtend?.o) .ctors)
 *(SORT_BY_NAME(.ctors.*))
 *(.ctors)
                0x00001a7c                __CTOR_END__ = .

.dtors          0x00001a7c        0x0
                0x00001a7c                __DTOR_LIST__ = .
 *crtbegin.o(.dtors)
 *crtbegin?.o(.dtors)
 *(EXCLUDE_FILE(*crtend.o *crtend?.o) .dtors)
 *(SORT_BY_NAME(.dtors.*))
 *(.dtors)
                0x00001a7c                __DTOR_END__ = .

.preinit_array  0x00001a7c        0x0
                0x00001a7c                PROVIDE (__preinit_array_start, .)
 *(.preinit_array*)
                0x00001a7c                PROVIDE (__preinit_array_end, .)

.init_array     0x00001a7c        0x4
                0x00001a7c                PROVIDE (__init_array_start, .)
 *(SORT_BY_NAME(.init_array.*))
 *(.init_array*)
 .init_array    0x00001a7c        0x4 c:/freescale/kds_v3/toolchain/bin/../lib/gcc/arm-none-eabi/7.2.1/thumb/v6-m/crtbegin.o
                0x00001a80                PROVIDE (__init_array_end, .)

.fini_array     0x00001a80        0x4
                [!provide]                PROVIDE (__fini_array_start, .)
 *(SORT_BY_NAME(.fini_array.*))
 *(.fini_array*)
 .fini_array    0x00001a80        0x4 c:/freescale/kds_v3/toolchain/bin/../lib/gcc/arm-none-eabi/7.2.1/thumb/v6-m/crtbegin.o
                [!provide]                PROVIDE (__fini_array_end, .)
                0x00001a84                __etext = .
                0x00001a84                __DATA_ROM = .

.mtb            0x1ffffc00        0x0
                0x1ffffc00                . = ALIGN (0x8)
                0x1ffffc00                _mtb_start = .
 *(.mtb_buf)
                0x1ffffc00                . = ALIGN (0x8)
                0x1ffffc00                _mtb_end = .

.data           0x1ffffc00       0x60 load address 0x00001a84
                0x1ffffc00                . = ALIGN (0x4)
                0x1ffffc00                __DATA_RAM = .
                0x1ffffc00                __data_start__ = .
 *(.data)
 *(.data*)
 .data.impure_data
                0x1ffffc00       0x60 c:/freescale/kds_v3/toolchain/bin/../lib/gcc/arm-none-eabi/7.2.1/../../../../arm-none-eabi/lib/thumb/v6-m\libg_nano.a(lib_a-impure.o)
 *(.jcr*)
                0x1ffffc60                . = ALIGN (0x4)
                0x1ffffc60                __data_end__ = .
                0x00001ae4                __DATA_END = (__DATA_ROM + (__data_end__ - __data_start__))

.igot.plt       0x1ffffc60        0x0 load address 0x00001ae4
 .igot.plt      0x1ffffc60        0x0 c:/freescale/kds_v3/toolchain/bin/../lib/gcc/arm-none-eabi/7.2.1/thumb/v6-m/crtbegin.o

.bss            0x1ffffc60      0x45c load address 0x00001ae4
                0x1ffffc60                . = ALIGN (0x4)
                0x1ffffc60                __START_BSS = .
                0x1ffffc60                __bss_start__ = .
 *(.bss)
 .bss           0x1ffffc60       0x1c c:/freescale/kds_v3/toolchain/bin/../lib/gcc/arm-none-eabi/7.2.1/thumb/v6-m/crtbegin.o
 *(.bss*)
 .bss.Un_Inst   0x1ffffc7c      0x354 ./Sources/drivers/UART/UART.o
 .bss.s_serialContext
                0x1fffffd0       0x4c ./Sources/bl_core.o
 .bss.s_readPacket
                0x2000001c       0x28 ./Sources/bl_core.o
 .bss.s_writePacket
                0x20000044       0x28 ./Sources/bl_core.o
 .bss.bl_ctx    0x2000006c       0x14 ./Sources/bl_core.o
 .bss.ENB_BOOT  0x20000080        0x1 ./Sources/bl_core.o
 *fill*         0x20000081        0x3 
 .bss.s_packetState.4877
                0x20000084        0x4 ./Sources/bl_core.o
 .bss.s_stateCnt.4878
                0x20000088        0x4 ./Sources/bl_core.o
 .bss.s_stackPointer.4964
                0x2000008c        0x4 ./Sources/bl_core.o
 .bss.s_applicationEntry.4965
                0x20000090        0x4 ./Sources/bl_core.o
 .bss.s_application.4966
                0x20000094        0x4 ./Sources/bl_core.o
 .bss.s_flash_ram_function
                0x20000098       0x20 ./Sources/flash.o
 *(COMMON)
 COMMON         0x200000b8        0x4 ./Sources/bl_core.o
                0x200000b8                s_flash_run_entry
                0x200000bc                . = ALIGN (0x4)
                0x200000bc                __bss_end__ = .
                0x200000bc                __END_BSS = .

.heap           0x200000bc      0x104 load address 0x00001f40
                0x200000c0                . = ALIGN (0x8)
 *fill*         0x200000bc        0x4 
                0x200000c0                __end__ = .
                [!provide]                PROVIDE (end, .)
                0x200000c0                __HeapBase = .
                0x200001c0                . = (. + HEAP_SIZE)
 *fill*         0x200000c0      0x100 
                0x200001c0                __HeapLimit = .

.stack          0x200001c0      0x100 load address 0x00002044
                0x200001c0                . = ALIGN (0x8)
                0x200002c0                . = (. + STACK_SIZE)
 *fill*         0x200001c0      0x100 
                0x200002c0                __StackTop = .
                0x200001c0                __StackLimit = (__StackTop - STACK_SIZE)
                0x200002c0                PROVIDE (__stack, __StackTop)

.ARM.attributes
                0x00000000       0x28
 *(.ARM.attributes)
 .ARM.attributes
                0x00000000       0x1e c:/freescale/kds_v3/toolchain/bin/../lib/gcc/arm-none-eabi/7.2.1/thumb/v6-m/crti.o
 .ARM.attributes
                0x0000001e       0x2c c:/freescale/kds_v3/toolchain/bin/../lib/gcc/arm-none-eabi/7.2.1/thumb/v6-m/crtbegin.o
 .ARM.attributes
                0x0000004a       0x1b c:/freescale/kds_v3/toolchain/bin/../lib/gcc/arm-none-eabi/7.2.1/../../../../arm-none-eabi/lib/thumb/v6-m/crt0.o
 .ARM.attributes
                0x00000065       0x32 ./Sources/drivers/UART/UART.o
 .ARM.attributes
                0x00000097       0x32 ./Sources/bl_core.o
 .ARM.attributes
                0x000000c9       0x32 ./Sources/flash.o
 .ARM.attributes
                0x000000fb       0x1b ./Project_Settings/SKEAZN642/Startup_Code/startup_SKEAZN642.o
 .ARM.attributes
                0x00000116       0x32 ./Project_Settings/SKEAZN642/Startup_Code/system_SKEAZN642.o
 .ARM.attributes
                0x00000148       0x2c c:/freescale/kds_v3/toolchain/bin/../lib/gcc/arm-none-eabi/7.2.1/../../../../arm-none-eabi/lib/thumb/v6-m\libg_nano.a(lib_a-exit.o)
 .ARM.attributes
                0x00000174       0x2c c:/freescale/kds_v3/toolchain/bin/../lib/gcc/arm-none-eabi/7.2.1/../../../../arm-none-eabi/lib/thumb/v6-m\libg_nano.a(lib_a-impure.o)
 .ARM.attributes
                0x000001a0       0x2c c:/freescale/kds_v3/toolchain/bin/../lib/gcc/arm-none-eabi/7.2.1/../../../../arm-none-eabi/lib/thumb/v6-m\libg_nano.a(lib_a-init.o)
 .ARM.attributes
                0x000001cc       0x2c c:/freescale/kds_v3/toolchain/bin/../lib/gcc/arm-none-eabi/7.2.1/../../../../arm-none-eabi/lib/thumb/v6-m\libg_nano.a(lib_a-memset.o)
 .ARM.attributes
                0x000001f8       0x2c c:/freescale/kds_v3/toolchain/bin/../lib/gcc/arm-none-eabi/7.2.1/../../../../arm-none-eabi/lib/thumb/v6-m\libnosys.a(_exit.o)
 .ARM.attributes
                0x00000224       0x1e c:/freescale/kds_v3/toolchain/bin/../lib/gcc/arm-none-eabi/7.2.1/thumb/v6-m/crtn.o
OUTPUT(KEA64_UART_Bootloader.elf elf32-littlearm)

.debug_info     0x00000000     0x2ddb
 .debug_info    0x00000000     0x1240 ./Sources/drivers/UART/UART.o
 .debug_info    0x00001240     0x137f ./Sources/bl_core.o
 .debug_info    0x000025bf      0x4d8 ./Sources/flash.o
 .debug_info    0x00002a97       0x26 ./Project_Settings/SKEAZN642/Startup_Code/startup_SKEAZN642.o
 .debug_info    0x00002abd      0x31e ./Project_Settings/SKEAZN642/Startup_Code/system_SKEAZN642.o

.debug_abbrev   0x00000000      0x97e
 .debug_abbrev  0x00000000      0x2cc ./Sources/drivers/UART/UART.o
 .debug_abbrev  0x000002cc      0x3b0 ./Sources/bl_core.o
 .debug_abbrev  0x0000067c      0x1df ./Sources/flash.o
 .debug_abbrev  0x0000085b       0x14 ./Project_Settings/SKEAZN642/Startup_Code/startup_SKEAZN642.o
 .debug_abbrev  0x0000086f      0x10f ./Project_Settings/SKEAZN642/Startup_Code/system_SKEAZN642.o

.debug_aranges  0x00000000      0x210
 .debug_aranges
                0x00000000       0x88 ./Sources/drivers/UART/UART.o
 .debug_aranges
                0x00000088       0xf0 ./Sources/bl_core.o
 .debug_aranges
                0x00000178       0x50 ./Sources/flash.o
 .debug_aranges
                0x000001c8       0x20 ./Project_Settings/SKEAZN642/Startup_Code/startup_SKEAZN642.o
 .debug_aranges
                0x000001e8       0x28 ./Project_Settings/SKEAZN642/Startup_Code/system_SKEAZN642.o

.debug_ranges   0x00000000      0x1b0
 .debug_ranges  0x00000000       0x78 ./Sources/drivers/UART/UART.o
 .debug_ranges  0x00000078       0xe0 ./Sources/bl_core.o
 .debug_ranges  0x00000158       0x40 ./Sources/flash.o
 .debug_ranges  0x00000198       0x18 ./Project_Settings/SKEAZN642/Startup_Code/system_SKEAZN642.o

.debug_macro    0x00000000     0x5c2c
 .debug_macro   0x00000000      0x1b7 ./Sources/drivers/UART/UART.o
 .debug_macro   0x000001b7      0xa30 ./Sources/drivers/UART/UART.o
 .debug_macro   0x00000be7       0x22 ./Sources/drivers/UART/UART.o
 .debug_macro   0x00000c09       0x52 ./Sources/drivers/UART/UART.o
 .debug_macro   0x00000c5b       0x17 ./Sources/drivers/UART/UART.o
 .debug_macro   0x00000c72       0x55 ./Sources/drivers/UART/UART.o
 .debug_macro   0x00000cc7       0x35 ./Sources/drivers/UART/UART.o
 .debug_macro   0x00000cfc       0x9c ./Sources/drivers/UART/UART.o
 .debug_macro   0x00000d98       0x16 ./Sources/drivers/UART/UART.o
 .debug_macro   0x00000dae       0x57 ./Sources/drivers/UART/UART.o
 .debug_macro   0x00000e05       0x97 ./Sources/drivers/UART/UART.o
 .debug_macro   0x00000e9c      0x353 ./Sources/drivers/UART/UART.o
 .debug_macro   0x000011ef       0xf6 ./Sources/drivers/UART/UART.o
 .debug_macro   0x000012e5       0x10 ./Sources/drivers/UART/UART.o
 .debug_macro   0x000012f5       0x58 ./Sources/drivers/UART/UART.o
 .debug_macro   0x0000134d       0x1f ./Sources/drivers/UART/UART.o
 .debug_macro   0x0000136c       0x43 ./Sources/drivers/UART/UART.o
 .debug_macro   0x000013af       0x20 ./Sources/drivers/UART/UART.o
 .debug_macro   0x000013cf      0x18e ./Sources/drivers/UART/UART.o
 .debug_macro   0x0000155d       0x10 ./Sources/drivers/UART/UART.o
 .debug_macro   0x0000156d       0x6a ./Sources/drivers/UART/UART.o
 .debug_macro   0x000015d7       0xb6 ./Sources/drivers/UART/UART.o
 .debug_macro   0x0000168d       0x16 ./Sources/drivers/UART/UART.o
 .debug_macro   0x000016a3      0x129 ./Sources/drivers/UART/UART.o
 .debug_macro   0x000017cc       0x2e ./Sources/drivers/UART/UART.o
 .debug_macro   0x000017fa       0xef ./Sources/drivers/UART/UART.o
 .debug_macro   0x000018e9      0x1df ./Sources/drivers/UART/UART.o
 .debug_macro   0x00001ac8       0x39 ./Sources/drivers/UART/UART.o
 .debug_macro   0x00001b01       0x3a ./Sources/drivers/UART/UART.o
 .debug_macro   0x00001b3b       0x26 ./Sources/drivers/UART/UART.o
 .debug_macro   0x00001b61      0x306 ./Sources/drivers/UART/UART.o
 .debug_macro   0x00001e67       0x28 ./Sources/drivers/UART/UART.o
 .debug_macro   0x00001e8f     0x390e ./Sources/drivers/UART/UART.o
 .debug_macro   0x0000579d       0x28 ./Sources/drivers/UART/UART.o
 .debug_macro   0x000057c5      0x135 ./Sources/bl_core.o
 .debug_macro   0x000058fa       0x22 ./Sources/bl_core.o
 .debug_macro   0x0000591c       0x5e ./Sources/bl_core.o
 .debug_macro   0x0000597a       0xaf ./Sources/bl_core.o
 .debug_macro   0x00005a29       0x8e ./Sources/bl_core.o
 .debug_macro   0x00005ab7       0xd6 ./Sources/flash.o
 .debug_macro   0x00005b8d       0x9f ./Project_Settings/SKEAZN642/Startup_Code/system_SKEAZN642.o

.debug_line     0x00000000     0x12ac
 .debug_line    0x00000000      0x5a1 ./Sources/drivers/UART/UART.o
 .debug_line    0x000005a1      0x6e3 ./Sources/bl_core.o
 .debug_line    0x00000c84      0x333 ./Sources/flash.o
 .debug_line    0x00000fb7       0x8f ./Project_Settings/SKEAZN642/Startup_Code/startup_SKEAZN642.o
 .debug_line    0x00001046      0x266 ./Project_Settings/SKEAZN642/Startup_Code/system_SKEAZN642.o

.debug_str      0x00000000    0x1aec5
 .debug_str     0x00000000    0x1921f ./Sources/drivers/UART/UART.o
                              0x196f6 (size before relaxing)
 .debug_str     0x0001921f     0x1a93 ./Sources/bl_core.o
                              0x174b4 (size before relaxing)
 .debug_str     0x0001acb2      0x103 ./Sources/flash.o
                              0x1601e (size before relaxing)
 .debug_str     0x0001adb5       0x4e ./Project_Settings/SKEAZN642/Startup_Code/startup_SKEAZN642.o
                                 0x73 (size before relaxing)
 .debug_str     0x0001ae03       0xc2 ./Project_Settings/SKEAZN642/Startup_Code/system_SKEAZN642.o
                              0x15a50 (size before relaxing)

.comment        0x00000000       0x7e
 .comment       0x00000000       0x7e ./Sources/drivers/UART/UART.o
                                 0x7f (size before relaxing)
 .comment       0x0000007e       0x7f ./Sources/bl_core.o
 .comment       0x0000007e       0x7f ./Sources/flash.o
 .comment       0x0000007e       0x7f ./Project_Settings/SKEAZN642/Startup_Code/system_SKEAZN642.o

.debug_frame    0x00000000      0x700
 .debug_frame   0x00000000      0x1d4 ./Sources/drivers/UART/UART.o
 .debug_frame   0x000001d4      0x35c ./Sources/bl_core.o
 .debug_frame   0x00000530       0xf0 ./Sources/flash.o
 .debug_frame   0x00000620       0x4c ./Project_Settings/SKEAZN642/Startup_Code/system_SKEAZN642.o
 .debug_frame   0x0000066c       0x28 c:/freescale/kds_v3/toolchain/bin/../lib/gcc/arm-none-eabi/7.2.1/../../../../arm-none-eabi/lib/thumb/v6-m\libg_nano.a(lib_a-exit.o)
 .debug_frame   0x00000694       0x2c c:/freescale/kds_v3/toolchain/bin/../lib/gcc/arm-none-eabi/7.2.1/../../../../arm-none-eabi/lib/thumb/v6-m\libg_nano.a(lib_a-init.o)
 .debug_frame   0x000006c0       0x20 c:/freescale/kds_v3/toolchain/bin/../lib/gcc/arm-none-eabi/7.2.1/../../../../arm-none-eabi/lib/thumb/v6-m\libg_nano.a(lib_a-memset.o)
 .debug_frame   0x000006e0       0x20 c:/freescale/kds_v3/toolchain/bin/../lib/gcc/arm-none-eabi/7.2.1/../../../../arm-none-eabi/lib/thumb/v6-m\libnosys.a(_exit.o)
