Archive member included to satisfy reference by file (symbol)

c:/freescale/kds_v3/toolchain/bin/../lib/gcc/arm-none-eabi/7.2.1/thumb/v6-m\libgcc.a(_udivsi3.o)
                              ./Sources/drivers/UART/UART.o (__aeabi_uidiv)
c:/freescale/kds_v3/toolchain/bin/../lib/gcc/arm-none-eabi/7.2.1/thumb/v6-m\libgcc.a(_dvmd_tls.o)
                              c:/freescale/kds_v3/toolchain/bin/../lib/gcc/arm-none-eabi/7.2.1/thumb/v6-m\libgcc.a(_udivsi3.o) (__aeabi_idiv0)
c:/freescale/kds_v3/toolchain/bin/../lib/gcc/arm-none-eabi/7.2.1/../../../../arm-none-eabi/lib/thumb/v6-m\libg_nano.a(lib_a-exit.o)
                              c:/freescale/kds_v3/toolchain/bin/../lib/gcc/arm-none-eabi/7.2.1/../../../../arm-none-eabi/lib/thumb/v6-m/crt0.o (exit)
c:/freescale/kds_v3/toolchain/bin/../lib/gcc/arm-none-eabi/7.2.1/../../../../arm-none-eabi/lib/thumb/v6-m\libg_nano.a(lib_a-impure.o)
                              c:/freescale/kds_v3/toolchain/bin/../lib/gcc/arm-none-eabi/7.2.1/../../../../arm-none-eabi/lib/thumb/v6-m\libg_nano.a(lib_a-exit.o) (_global_impure_ptr)
c:/freescale/kds_v3/toolchain/bin/../lib/gcc/arm-none-eabi/7.2.1/../../../../arm-none-eabi/lib/thumb/v6-m\libg_nano.a(lib_a-init.o)
                              c:/freescale/kds_v3/toolchain/bin/../lib/gcc/arm-none-eabi/7.2.1/../../../../arm-none-eabi/lib/thumb/v6-m/crt0.o (__libc_init_array)
c:/freescale/kds_v3/toolchain/bin/../lib/gcc/arm-none-eabi/7.2.1/../../../../arm-none-eabi/lib/thumb/v6-m\libg_nano.a(lib_a-memset.o)
                              c:/freescale/kds_v3/toolchain/bin/../lib/gcc/arm-none-eabi/7.2.1/../../../../arm-none-eabi/lib/thumb/v6-m/crt0.o (memset)
c:/freescale/kds_v3/toolchain/bin/../lib/gcc/arm-none-eabi/7.2.1/../../../../arm-none-eabi/lib/thumb/v6-m\libnosys.a(_exit.o)
                              c:/freescale/kds_v3/toolchain/bin/../lib/gcc/arm-none-eabi/7.2.1/../../../../arm-none-eabi/lib/thumb/v6-m\libg_nano.a(lib_a-exit.o) (_exit)

Allocating common symbols
Common symbol       size              file

s_flash_run_entry   0x4               ./Sources/flash.o

Discarded input sections

 .text          0x00000000        0x0 c:/freescale/kds_v3/toolchain/bin/../lib/gcc/arm-none-eabi/7.2.1/thumb/v6-m/crti.o
 .data          0x00000000        0x0 c:/freescale/kds_v3/toolchain/bin/../lib/gcc/arm-none-eabi/7.2.1/thumb/v6-m/crti.o
 .bss           0x00000000        0x0 c:/freescale/kds_v3/toolchain/bin/../lib/gcc/arm-none-eabi/7.2.1/thumb/v6-m/crti.o
 .data          0x00000000        0x4 c:/freescale/kds_v3/toolchain/bin/../lib/gcc/arm-none-eabi/7.2.1/thumb/v6-m/crtbegin.o
 .data          0x00000000        0x0 c:/freescale/kds_v3/toolchain/bin/../lib/gcc/arm-none-eabi/7.2.1/../../../../arm-none-eabi/lib/thumb/v6-m/crt0.o
 .bss           0x00000000        0x0 c:/freescale/kds_v3/toolchain/bin/../lib/gcc/arm-none-eabi/7.2.1/../../../../arm-none-eabi/lib/thumb/v6-m/crt0.o
 .ARM.extab     0x00000000        0x0 c:/freescale/kds_v3/toolchain/bin/../lib/gcc/arm-none-eabi/7.2.1/../../../../arm-none-eabi/lib/thumb/v6-m/crt0.o
 .group         0x00000000        0xc ./test/main_test.o
 .group         0x00000000        0xc ./test/main_test.o
 .group         0x00000000        0xc ./test/main_test.o
 .group         0x00000000        0xc ./test/main_test.o
 .group         0x00000000        0xc ./test/main_test.o
 .group         0x00000000        0xc ./test/main_test.o
 .group         0x00000000        0xc ./test/main_test.o
 .group         0x00000000        0xc ./test/main_test.o
 .group         0x00000000        0xc ./test/main_test.o
 .group         0x00000000        0xc ./test/main_test.o
 .group         0x00000000        0xc ./test/main_test.o
 .group         0x00000000        0xc ./test/main_test.o
 .group         0x00000000        0xc ./test/main_test.o
 .group         0x00000000        0xc ./test/main_test.o
 .group         0x00000000        0xc ./test/main_test.o
 .group         0x00000000        0xc ./test/main_test.o
 .group         0x00000000        0xc ./test/main_test.o
 .text          0x00000000        0x0 ./test/main_test.o
 .data          0x00000000        0x0 ./test/main_test.o
 .bss           0x00000000        0x0 ./test/main_test.o
 .text.hardware_init
                0x00000000       0xe4 ./test/main_test.o
 .text.stay_in_bootloader
                0x00000000       0x38 ./test/main_test.o
 .text.bl_hw_if_write
                0x00000000       0x40 ./test/main_test.o
 .group         0x00000000        0xc ./Sources/drivers/UART/UART.o
 .group         0x00000000        0xc ./Sources/drivers/UART/UART.o
 .group         0x00000000        0xc ./Sources/drivers/UART/UART.o
 .group         0x00000000        0xc ./Sources/drivers/UART/UART.o
 .group         0x00000000        0xc ./Sources/drivers/UART/UART.o
 .group         0x00000000        0xc ./Sources/drivers/UART/UART.o
 .group         0x00000000        0xc ./Sources/drivers/UART/UART.o
 .group         0x00000000        0xc ./Sources/drivers/UART/UART.o
 .group         0x00000000        0xc ./Sources/drivers/UART/UART.o
 .group         0x00000000        0xc ./Sources/drivers/UART/UART.o
 .group         0x00000000        0xc ./Sources/drivers/UART/UART.o
 .group         0x00000000        0xc ./Sources/drivers/UART/UART.o
 .group         0x00000000        0xc ./Sources/drivers/UART/UART.o
 .group         0x00000000        0xc ./Sources/drivers/UART/UART.o
 .group         0x00000000        0xc ./Sources/drivers/UART/UART.o
 .group         0x00000000        0xc ./Sources/drivers/UART/UART.o
 .group         0x00000000        0xc ./Sources/drivers/UART/UART.o
 .group         0x00000000        0xc ./Sources/drivers/UART/UART.o
 .group         0x00000000        0xc ./Sources/drivers/UART/UART.o
 .group         0x00000000        0xc ./Sources/drivers/UART/UART.o
 .group         0x00000000        0xc ./Sources/drivers/UART/UART.o
 .group         0x00000000        0xc ./Sources/drivers/UART/UART.o
 .group         0x00000000        0xc ./Sources/drivers/UART/UART.o
 .group         0x00000000        0xc ./Sources/drivers/UART/UART.o
 .group         0x00000000        0xc ./Sources/drivers/UART/UART.o
 .group         0x00000000        0xc ./Sources/drivers/UART/UART.o
 .group         0x00000000        0xc ./Sources/drivers/UART/UART.o
 .group         0x00000000        0xc ./Sources/drivers/UART/UART.o
 .group         0x00000000        0xc ./Sources/drivers/UART/UART.o
 .group         0x00000000        0xc ./Sources/drivers/UART/UART.o
 .group         0x00000000        0xc ./Sources/drivers/UART/UART.o
 .group         0x00000000        0xc ./Sources/drivers/UART/UART.o
 .group         0x00000000        0xc ./Sources/drivers/UART/UART.o
 .group         0x00000000        0xc ./Sources/drivers/UART/UART.o
 .text          0x00000000        0x0 ./Sources/drivers/UART/UART.o
 .data          0x00000000        0x0 ./Sources/drivers/UART/UART.o
 .bss           0x00000000        0x0 ./Sources/drivers/UART/UART.o
 .text.NVIC_EnableIRQ
                0x00000000       0x2c ./Sources/drivers/UART/UART.o
 .text.NVIC_ClearPendingIRQ
                0x00000000       0x30 ./Sources/drivers/UART/UART.o
 .text.NVIC_SetPriority
                0x00000000       0xdc ./Sources/drivers/UART/UART.o
 .text.Uart_Init
                0x00000000      0x370 ./Sources/drivers/UART/UART.o
 .text.Uart_DeInit
                0x00000000       0x20 ./Sources/drivers/UART/UART.o
 .text.Uart_Read
                0x00000000       0xf4 ./Sources/drivers/UART/UART.o
 .text.Uart_Write
                0x00000000      0x2d4 ./Sources/drivers/UART/UART.o
 .text.Uart_GetRxQueueLevel
                0x00000000       0x58 ./Sources/drivers/UART/UART.o
 .text.Uart_GetTxQueueLevel
                0x00000000       0x58 ./Sources/drivers/UART/UART.o
 .debug_macro   0x00000000      0xa30 ./Sources/drivers/UART/UART.o
 .debug_macro   0x00000000       0x22 ./Sources/drivers/UART/UART.o
 .debug_macro   0x00000000       0x6a ./Sources/drivers/UART/UART.o
 .debug_macro   0x00000000       0xef ./Sources/drivers/UART/UART.o
 .debug_macro   0x00000000      0x1df ./Sources/drivers/UART/UART.o
 .debug_macro   0x00000000       0x3a ./Sources/drivers/UART/UART.o
 .debug_macro   0x00000000       0x26 ./Sources/drivers/UART/UART.o
 .debug_macro   0x00000000      0x306 ./Sources/drivers/UART/UART.o
 .debug_macro   0x00000000       0x28 ./Sources/drivers/UART/UART.o
 .debug_macro   0x00000000     0x390e ./Sources/drivers/UART/UART.o
 .debug_macro   0x00000000       0x16 ./Sources/drivers/UART/UART.o
 .group         0x00000000        0xc ./Sources/drivers/DbgConsole/DbgConsole.o
 .group         0x00000000        0xc ./Sources/drivers/DbgConsole/DbgConsole.o
 .group         0x00000000        0xc ./Sources/drivers/DbgConsole/DbgConsole.o
 .group         0x00000000        0xc ./Sources/drivers/DbgConsole/DbgConsole.o
 .group         0x00000000        0xc ./Sources/drivers/DbgConsole/DbgConsole.o
 .group         0x00000000        0xc ./Sources/drivers/DbgConsole/DbgConsole.o
 .group         0x00000000        0xc ./Sources/drivers/DbgConsole/DbgConsole.o
 .group         0x00000000        0xc ./Sources/drivers/DbgConsole/DbgConsole.o
 .group         0x00000000        0xc ./Sources/drivers/DbgConsole/DbgConsole.o
 .group         0x00000000        0xc ./Sources/drivers/DbgConsole/DbgConsole.o
 .group         0x00000000        0xc ./Sources/drivers/DbgConsole/DbgConsole.o
 .group         0x00000000        0xc ./Sources/drivers/DbgConsole/DbgConsole.o
 .group         0x00000000        0xc ./Sources/drivers/DbgConsole/DbgConsole.o
 .group         0x00000000        0xc ./Sources/drivers/DbgConsole/DbgConsole.o
 .group         0x00000000        0xc ./Sources/drivers/DbgConsole/DbgConsole.o
 .group         0x00000000        0xc ./Sources/drivers/DbgConsole/DbgConsole.o
 .group         0x00000000        0xc ./Sources/drivers/DbgConsole/DbgConsole.o
 .group         0x00000000        0xc ./Sources/drivers/DbgConsole/DbgConsole.o
 .group         0x00000000        0xc ./Sources/drivers/DbgConsole/DbgConsole.o
 .group         0x00000000        0xc ./Sources/drivers/DbgConsole/DbgConsole.o
 .group         0x00000000        0xc ./Sources/drivers/DbgConsole/DbgConsole.o
 .group         0x00000000        0xc ./Sources/drivers/DbgConsole/DbgConsole.o
 .group         0x00000000        0xc ./Sources/drivers/DbgConsole/DbgConsole.o
 .group         0x00000000        0xc ./Sources/drivers/DbgConsole/DbgConsole.o
 .group         0x00000000        0xc ./Sources/drivers/DbgConsole/DbgConsole.o
 .group         0x00000000        0xc ./Sources/drivers/DbgConsole/DbgConsole.o
 .group         0x00000000        0xc ./Sources/drivers/DbgConsole/DbgConsole.o
 .group         0x00000000        0xc ./Sources/drivers/DbgConsole/DbgConsole.o
 .group         0x00000000        0xc ./Sources/drivers/DbgConsole/DbgConsole.o
 .group         0x00000000        0xc ./Sources/drivers/DbgConsole/DbgConsole.o
 .group         0x00000000        0xc ./Sources/drivers/DbgConsole/DbgConsole.o
 .group         0x00000000        0xc ./Sources/drivers/DbgConsole/DbgConsole.o
 .text          0x00000000        0x0 ./Sources/drivers/DbgConsole/DbgConsole.o
 .data          0x00000000        0x0 ./Sources/drivers/DbgConsole/DbgConsole.o
 .bss           0x00000000        0x0 ./Sources/drivers/DbgConsole/DbgConsole.o
 .data.pUART    0x00000000        0x4 ./Sources/drivers/DbgConsole/DbgConsole.o
 .text.DbgConsole_Init
                0x00000000       0x2c ./Sources/drivers/DbgConsole/DbgConsole.o
 .text._read    0x00000000       0x6c ./Sources/drivers/DbgConsole/DbgConsole.o
 .text._write   0x00000000       0x48 ./Sources/drivers/DbgConsole/DbgConsole.o
 .text.UART_Init
                0x00000000       0xa0 ./Sources/drivers/DbgConsole/DbgConsole.o
 .text.UART_SendChar
                0x00000000       0x30 ./Sources/drivers/DbgConsole/DbgConsole.o
 .text.UART_GetChar
                0x00000000       0x2a ./Sources/drivers/DbgConsole/DbgConsole.o
 .debug_info    0x00000000      0xb92 ./Sources/drivers/DbgConsole/DbgConsole.o
 .debug_abbrev  0x00000000      0x25e ./Sources/drivers/DbgConsole/DbgConsole.o
 .debug_aranges
                0x00000000       0x48 ./Sources/drivers/DbgConsole/DbgConsole.o
 .debug_ranges  0x00000000       0x38 ./Sources/drivers/DbgConsole/DbgConsole.o
 .debug_macro   0x00000000      0x1a6 ./Sources/drivers/DbgConsole/DbgConsole.o
 .debug_macro   0x00000000      0xa30 ./Sources/drivers/DbgConsole/DbgConsole.o
 .debug_macro   0x00000000       0x22 ./Sources/drivers/DbgConsole/DbgConsole.o
 .debug_macro   0x00000000       0x4f ./Sources/drivers/DbgConsole/DbgConsole.o
 .debug_macro   0x00000000       0x51 ./Sources/drivers/DbgConsole/DbgConsole.o
 .debug_macro   0x00000000       0xef ./Sources/drivers/DbgConsole/DbgConsole.o
 .debug_macro   0x00000000       0x6a ./Sources/drivers/DbgConsole/DbgConsole.o
 .debug_macro   0x00000000      0x1df ./Sources/drivers/DbgConsole/DbgConsole.o
 .debug_macro   0x00000000       0x58 ./Sources/drivers/DbgConsole/DbgConsole.o
 .debug_macro   0x00000000       0x17 ./Sources/drivers/DbgConsole/DbgConsole.o
 .debug_macro   0x00000000       0x35 ./Sources/drivers/DbgConsole/DbgConsole.o
 .debug_macro   0x00000000       0x9c ./Sources/drivers/DbgConsole/DbgConsole.o
 .debug_macro   0x00000000       0x16 ./Sources/drivers/DbgConsole/DbgConsole.o
 .debug_macro   0x00000000       0x97 ./Sources/drivers/DbgConsole/DbgConsole.o
 .debug_macro   0x00000000      0x353 ./Sources/drivers/DbgConsole/DbgConsole.o
 .debug_macro   0x00000000       0xf6 ./Sources/drivers/DbgConsole/DbgConsole.o
 .debug_macro   0x00000000       0x10 ./Sources/drivers/DbgConsole/DbgConsole.o
 .debug_macro   0x00000000       0x58 ./Sources/drivers/DbgConsole/DbgConsole.o
 .debug_macro   0x00000000       0x1f ./Sources/drivers/DbgConsole/DbgConsole.o
 .debug_macro   0x00000000       0x43 ./Sources/drivers/DbgConsole/DbgConsole.o
 .debug_macro   0x00000000       0x20 ./Sources/drivers/DbgConsole/DbgConsole.o
 .debug_macro   0x00000000      0x18e ./Sources/drivers/DbgConsole/DbgConsole.o
 .debug_macro   0x00000000       0x10 ./Sources/drivers/DbgConsole/DbgConsole.o
 .debug_macro   0x00000000       0xb6 ./Sources/drivers/DbgConsole/DbgConsole.o
 .debug_macro   0x00000000       0x16 ./Sources/drivers/DbgConsole/DbgConsole.o
 .debug_macro   0x00000000      0x129 ./Sources/drivers/DbgConsole/DbgConsole.o
 .debug_macro   0x00000000       0x63 ./Sources/drivers/DbgConsole/DbgConsole.o
 .debug_macro   0x00000000       0x3a ./Sources/drivers/DbgConsole/DbgConsole.o
 .debug_macro   0x00000000       0x26 ./Sources/drivers/DbgConsole/DbgConsole.o
 .debug_macro   0x00000000      0x306 ./Sources/drivers/DbgConsole/DbgConsole.o
 .debug_macro   0x00000000       0x28 ./Sources/drivers/DbgConsole/DbgConsole.o
 .debug_macro   0x00000000     0x390e ./Sources/drivers/DbgConsole/DbgConsole.o
 .debug_macro   0x00000000       0x16 ./Sources/drivers/DbgConsole/DbgConsole.o
 .debug_line    0x00000000      0x3b4 ./Sources/drivers/DbgConsole/DbgConsole.o
 .debug_str     0x00000000    0x191d7 ./Sources/drivers/DbgConsole/DbgConsole.o
 .comment       0x00000000       0x7f ./Sources/drivers/DbgConsole/DbgConsole.o
 .debug_frame   0x00000000       0xd0 ./Sources/drivers/DbgConsole/DbgConsole.o
 .ARM.attributes
                0x00000000       0x32 ./Sources/drivers/DbgConsole/DbgConsole.o
 .group         0x00000000        0xc ./Sources/flash.o
 .group         0x00000000        0xc ./Sources/flash.o
 .group         0x00000000        0xc ./Sources/flash.o
 .group         0x00000000        0xc ./Sources/flash.o
 .group         0x00000000        0xc ./Sources/flash.o
 .group         0x00000000        0xc ./Sources/flash.o
 .group         0x00000000        0xc ./Sources/flash.o
 .group         0x00000000        0xc ./Sources/flash.o
 .group         0x00000000        0xc ./Sources/flash.o
 .group         0x00000000        0xc ./Sources/flash.o
 .group         0x00000000        0xc ./Sources/flash.o
 .group         0x00000000        0xc ./Sources/flash.o
 .group         0x00000000        0xc ./Sources/flash.o
 .group         0x00000000        0xc ./Sources/flash.o
 .group         0x00000000        0xc ./Sources/flash.o
 .group         0x00000000        0xc ./Sources/flash.o
 .group         0x00000000        0xc ./Sources/flash.o
 .text          0x00000000        0x0 ./Sources/flash.o
 .data          0x00000000        0x0 ./Sources/flash.o
 .bss           0x00000000        0x0 ./Sources/flash.o
 .bss.s_flash_ram_function
                0x00000000       0x20 ./Sources/flash.o
 .rodata.s_flash_command_run
                0x00000000        0xe ./Sources/flash.o
 .rodata.kFCCOBx
                0x00000000        0x4 ./Sources/flash.o
 .text.align_down
                0x00000000       0x1a ./Sources/flash.o
 .text.align_up
                0x00000000       0x26 ./Sources/flash.o
 .text.flash_init
                0x00000000       0x4c ./Sources/flash.o
 .text.flash_command_sequence
                0x00000000       0x6c ./Sources/flash.o
 .text.flash_erase
                0x00000000       0x8c ./Sources/flash.o
 .text.flash_program
                0x00000000       0xe4 ./Sources/flash.o
 .text.is_valid_memory_range
                0x00000000       0x40 ./Sources/flash.o
 .debug_info    0x00000000      0x4d8 ./Sources/flash.o
 .debug_abbrev  0x00000000      0x1df ./Sources/flash.o
 .debug_aranges
                0x00000000       0x50 ./Sources/flash.o
 .debug_ranges  0x00000000       0x40 ./Sources/flash.o
 .debug_macro   0x00000000       0xf3 ./Sources/flash.o
 .debug_macro   0x00000000      0xa30 ./Sources/flash.o
 .debug_macro   0x00000000       0x22 ./Sources/flash.o
 .debug_macro   0x00000000       0x4f ./Sources/flash.o
 .debug_macro   0x00000000       0x51 ./Sources/flash.o
 .debug_macro   0x00000000       0xef ./Sources/flash.o
 .debug_macro   0x00000000       0x6a ./Sources/flash.o
 .debug_macro   0x00000000      0x1df ./Sources/flash.o
 .debug_macro   0x00000000       0x22 ./Sources/flash.o
 .debug_macro   0x00000000       0x63 ./Sources/flash.o
 .debug_macro   0x00000000       0x3a ./Sources/flash.o
 .debug_macro   0x00000000       0x26 ./Sources/flash.o
 .debug_macro   0x00000000      0x306 ./Sources/flash.o
 .debug_macro   0x00000000       0x28 ./Sources/flash.o
 .debug_macro   0x00000000     0x390e ./Sources/flash.o
 .debug_macro   0x00000000       0x16 ./Sources/flash.o
 .debug_macro   0x00000000       0x58 ./Sources/flash.o
 .debug_macro   0x00000000       0x8e ./Sources/flash.o
 .debug_line    0x00000000      0x333 ./Sources/flash.o
 .debug_str     0x00000000    0x16041 ./Sources/flash.o
 .comment       0x00000000       0x7f ./Sources/flash.o
 .debug_frame   0x00000000       0xf0 ./Sources/flash.o
 .ARM.attributes
                0x00000000       0x32 ./Sources/flash.o
 COMMON         0x00000000        0x4 ./Sources/flash.o
 .data          0x00000000        0x0 ./Project_Settings/SKEAZN642/Startup_Code/startup_SKEAZN642.o
 .bss           0x00000000        0x0 ./Project_Settings/SKEAZN642/Startup_Code/startup_SKEAZN642.o
 .group         0x00000000        0xc ./Project_Settings/SKEAZN642/Startup_Code/system_SKEAZN642.o
 .group         0x00000000        0xc ./Project_Settings/SKEAZN642/Startup_Code/system_SKEAZN642.o
 .group         0x00000000        0xc ./Project_Settings/SKEAZN642/Startup_Code/system_SKEAZN642.o
 .group         0x00000000        0xc ./Project_Settings/SKEAZN642/Startup_Code/system_SKEAZN642.o
 .group         0x00000000        0xc ./Project_Settings/SKEAZN642/Startup_Code/system_SKEAZN642.o
 .group         0x00000000        0xc ./Project_Settings/SKEAZN642/Startup_Code/system_SKEAZN642.o
 .group         0x00000000        0xc ./Project_Settings/SKEAZN642/Startup_Code/system_SKEAZN642.o
 .group         0x00000000        0xc ./Project_Settings/SKEAZN642/Startup_Code/system_SKEAZN642.o
 .group         0x00000000        0xc ./Project_Settings/SKEAZN642/Startup_Code/system_SKEAZN642.o
 .group         0x00000000        0xc ./Project_Settings/SKEAZN642/Startup_Code/system_SKEAZN642.o
 .group         0x00000000        0xc ./Project_Settings/SKEAZN642/Startup_Code/system_SKEAZN642.o
 .group         0x00000000        0xc ./Project_Settings/SKEAZN642/Startup_Code/system_SKEAZN642.o
 .group         0x00000000        0xc ./Project_Settings/SKEAZN642/Startup_Code/system_SKEAZN642.o
 .text          0x00000000        0x0 ./Project_Settings/SKEAZN642/Startup_Code/system_SKEAZN642.o
 .data          0x00000000        0x0 ./Project_Settings/SKEAZN642/Startup_Code/system_SKEAZN642.o
 .bss           0x00000000        0x0 ./Project_Settings/SKEAZN642/Startup_Code/system_SKEAZN642.o
 .data.SystemCoreClock
                0x00000000        0x4 ./Project_Settings/SKEAZN642/Startup_Code/system_SKEAZN642.o
 .text.SystemCoreClockUpdate
                0x00000000       0xec ./Project_Settings/SKEAZN642/Startup_Code/system_SKEAZN642.o
 .debug_macro   0x00000000      0xa30 ./Project_Settings/SKEAZN642/Startup_Code/system_SKEAZN642.o
 .debug_macro   0x00000000       0x22 ./Project_Settings/SKEAZN642/Startup_Code/system_SKEAZN642.o
 .debug_macro   0x00000000       0x4f ./Project_Settings/SKEAZN642/Startup_Code/system_SKEAZN642.o
 .debug_macro   0x00000000       0x51 ./Project_Settings/SKEAZN642/Startup_Code/system_SKEAZN642.o
 .debug_macro   0x00000000       0xef ./Project_Settings/SKEAZN642/Startup_Code/system_SKEAZN642.o
 .debug_macro   0x00000000       0x6a ./Project_Settings/SKEAZN642/Startup_Code/system_SKEAZN642.o
 .debug_macro   0x00000000      0x1df ./Project_Settings/SKEAZN642/Startup_Code/system_SKEAZN642.o
 .debug_macro   0x00000000       0x63 ./Project_Settings/SKEAZN642/Startup_Code/system_SKEAZN642.o
 .debug_macro   0x00000000       0x3a ./Project_Settings/SKEAZN642/Startup_Code/system_SKEAZN642.o
 .debug_macro   0x00000000       0x26 ./Project_Settings/SKEAZN642/Startup_Code/system_SKEAZN642.o
 .debug_macro   0x00000000      0x306 ./Project_Settings/SKEAZN642/Startup_Code/system_SKEAZN642.o
 .debug_macro   0x00000000       0x28 ./Project_Settings/SKEAZN642/Startup_Code/system_SKEAZN642.o
 .debug_macro   0x00000000     0x390e ./Project_Settings/SKEAZN642/Startup_Code/system_SKEAZN642.o
 .text          0x00000000      0x114 c:/freescale/kds_v3/toolchain/bin/../lib/gcc/arm-none-eabi/7.2.1/thumb/v6-m\libgcc.a(_udivsi3.o)
 .data          0x00000000        0x0 c:/freescale/kds_v3/toolchain/bin/../lib/gcc/arm-none-eabi/7.2.1/thumb/v6-m\libgcc.a(_udivsi3.o)
 .bss           0x00000000        0x0 c:/freescale/kds_v3/toolchain/bin/../lib/gcc/arm-none-eabi/7.2.1/thumb/v6-m\libgcc.a(_udivsi3.o)
 .debug_frame   0x00000000       0x20 c:/freescale/kds_v3/toolchain/bin/../lib/gcc/arm-none-eabi/7.2.1/thumb/v6-m\libgcc.a(_udivsi3.o)
 .ARM.attributes
                0x00000000       0x1e c:/freescale/kds_v3/toolchain/bin/../lib/gcc/arm-none-eabi/7.2.1/thumb/v6-m\libgcc.a(_udivsi3.o)
 .text          0x00000000        0x4 c:/freescale/kds_v3/toolchain/bin/../lib/gcc/arm-none-eabi/7.2.1/thumb/v6-m\libgcc.a(_dvmd_tls.o)
 .data          0x00000000        0x0 c:/freescale/kds_v3/toolchain/bin/../lib/gcc/arm-none-eabi/7.2.1/thumb/v6-m\libgcc.a(_dvmd_tls.o)
 .bss           0x00000000        0x0 c:/freescale/kds_v3/toolchain/bin/../lib/gcc/arm-none-eabi/7.2.1/thumb/v6-m\libgcc.a(_dvmd_tls.o)
 .ARM.attributes
                0x00000000       0x1e c:/freescale/kds_v3/toolchain/bin/../lib/gcc/arm-none-eabi/7.2.1/thumb/v6-m\libgcc.a(_dvmd_tls.o)
 .text          0x00000000        0x0 c:/freescale/kds_v3/toolchain/bin/../lib/gcc/arm-none-eabi/7.2.1/../../../../arm-none-eabi/lib/thumb/v6-m\libg_nano.a(lib_a-exit.o)
 .data          0x00000000        0x0 c:/freescale/kds_v3/toolchain/bin/../lib/gcc/arm-none-eabi/7.2.1/../../../../arm-none-eabi/lib/thumb/v6-m\libg_nano.a(lib_a-exit.o)
 .bss           0x00000000        0x0 c:/freescale/kds_v3/toolchain/bin/../lib/gcc/arm-none-eabi/7.2.1/../../../../arm-none-eabi/lib/thumb/v6-m\libg_nano.a(lib_a-exit.o)
 .text          0x00000000        0x0 c:/freescale/kds_v3/toolchain/bin/../lib/gcc/arm-none-eabi/7.2.1/../../../../arm-none-eabi/lib/thumb/v6-m\libg_nano.a(lib_a-impure.o)
 .data          0x00000000        0x0 c:/freescale/kds_v3/toolchain/bin/../lib/gcc/arm-none-eabi/7.2.1/../../../../arm-none-eabi/lib/thumb/v6-m\libg_nano.a(lib_a-impure.o)
 .bss           0x00000000        0x0 c:/freescale/kds_v3/toolchain/bin/../lib/gcc/arm-none-eabi/7.2.1/../../../../arm-none-eabi/lib/thumb/v6-m\libg_nano.a(lib_a-impure.o)
 .data._impure_ptr
                0x00000000        0x4 c:/freescale/kds_v3/toolchain/bin/../lib/gcc/arm-none-eabi/7.2.1/../../../../arm-none-eabi/lib/thumb/v6-m\libg_nano.a(lib_a-impure.o)
 .text          0x00000000        0x0 c:/freescale/kds_v3/toolchain/bin/../lib/gcc/arm-none-eabi/7.2.1/../../../../arm-none-eabi/lib/thumb/v6-m\libg_nano.a(lib_a-init.o)
 .data          0x00000000        0x0 c:/freescale/kds_v3/toolchain/bin/../lib/gcc/arm-none-eabi/7.2.1/../../../../arm-none-eabi/lib/thumb/v6-m\libg_nano.a(lib_a-init.o)
 .bss           0x00000000        0x0 c:/freescale/kds_v3/toolchain/bin/../lib/gcc/arm-none-eabi/7.2.1/../../../../arm-none-eabi/lib/thumb/v6-m\libg_nano.a(lib_a-init.o)
 .text          0x00000000        0x0 c:/freescale/kds_v3/toolchain/bin/../lib/gcc/arm-none-eabi/7.2.1/../../../../arm-none-eabi/lib/thumb/v6-m\libg_nano.a(lib_a-memset.o)
 .data          0x00000000        0x0 c:/freescale/kds_v3/toolchain/bin/../lib/gcc/arm-none-eabi/7.2.1/../../../../arm-none-eabi/lib/thumb/v6-m\libg_nano.a(lib_a-memset.o)
 .bss           0x00000000        0x0 c:/freescale/kds_v3/toolchain/bin/../lib/gcc/arm-none-eabi/7.2.1/../../../../arm-none-eabi/lib/thumb/v6-m\libg_nano.a(lib_a-memset.o)
 .text          0x00000000        0x0 c:/freescale/kds_v3/toolchain/bin/../lib/gcc/arm-none-eabi/7.2.1/../../../../arm-none-eabi/lib/thumb/v6-m\libnosys.a(_exit.o)
 .data          0x00000000        0x0 c:/freescale/kds_v3/toolchain/bin/../lib/gcc/arm-none-eabi/7.2.1/../../../../arm-none-eabi/lib/thumb/v6-m\libnosys.a(_exit.o)
 .bss           0x00000000        0x0 c:/freescale/kds_v3/toolchain/bin/../lib/gcc/arm-none-eabi/7.2.1/../../../../arm-none-eabi/lib/thumb/v6-m\libnosys.a(_exit.o)
 .text          0x00000000        0x0 c:/freescale/kds_v3/toolchain/bin/../lib/gcc/arm-none-eabi/7.2.1/thumb/v6-m/crtend.o
 .data          0x00000000        0x0 c:/freescale/kds_v3/toolchain/bin/../lib/gcc/arm-none-eabi/7.2.1/thumb/v6-m/crtend.o
 .bss           0x00000000        0x0 c:/freescale/kds_v3/toolchain/bin/../lib/gcc/arm-none-eabi/7.2.1/thumb/v6-m/crtend.o
 .eh_frame      0x00000000        0x4 c:/freescale/kds_v3/toolchain/bin/../lib/gcc/arm-none-eabi/7.2.1/thumb/v6-m/crtend.o
 .ARM.attributes
                0x00000000       0x2c c:/freescale/kds_v3/toolchain/bin/../lib/gcc/arm-none-eabi/7.2.1/thumb/v6-m/crtend.o
 .text          0x00000000        0x0 c:/freescale/kds_v3/toolchain/bin/../lib/gcc/arm-none-eabi/7.2.1/thumb/v6-m/crtn.o
 .data          0x00000000        0x0 c:/freescale/kds_v3/toolchain/bin/../lib/gcc/arm-none-eabi/7.2.1/thumb/v6-m/crtn.o
 .bss           0x00000000        0x0 c:/freescale/kds_v3/toolchain/bin/../lib/gcc/arm-none-eabi/7.2.1/thumb/v6-m/crtn.o

Memory Configuration

Name             Origin             Length             Attributes
m_interrupts     0x00000000         0x00000100         xr
m_flash_config   0x00000400         0x00000010         xr
m_text           0x00000410         0x0000fbf0         xr
m_data           0x1ffffc00         0x00001000         rw
*default*        0x00000000         0xffffffff

Linker script and memory map

LOAD c:/freescale/kds_v3/toolchain/bin/../lib/gcc/arm-none-eabi/7.2.1/thumb/v6-m/crti.o
LOAD c:/freescale/kds_v3/toolchain/bin/../lib/gcc/arm-none-eabi/7.2.1/thumb/v6-m/crtbegin.o
LOAD c:/freescale/kds_v3/toolchain/bin/../lib/gcc/arm-none-eabi/7.2.1/../../../../arm-none-eabi/lib/thumb/v6-m/crt0.o
LOAD ./test/main_test.o
LOAD ./Sources/drivers/UART/UART.o
LOAD ./Sources/drivers/DbgConsole/DbgConsole.o
LOAD ./Sources/flash.o
LOAD ./Project_Settings/SKEAZN642/Startup_Code/startup_SKEAZN642.o
LOAD ./Project_Settings/SKEAZN642/Startup_Code/system_SKEAZN642.o
LOAD c:/freescale/kds_v3/toolchain/bin/../lib/gcc/arm-none-eabi/7.2.1/../../../../arm-none-eabi/lib/thumb/v6-m\libstdc++_nano.a
LOAD c:/freescale/kds_v3/toolchain/bin/../lib/gcc/arm-none-eabi/7.2.1/../../../../arm-none-eabi/lib/thumb/v6-m\libm.a
START GROUP
LOAD c:/freescale/kds_v3/toolchain/bin/../lib/gcc/arm-none-eabi/7.2.1/thumb/v6-m\libgcc.a
LOAD c:/freescale/kds_v3/toolchain/bin/../lib/gcc/arm-none-eabi/7.2.1/../../../../arm-none-eabi/lib/thumb/v6-m\libg_nano.a
LOAD c:/freescale/kds_v3/toolchain/bin/../lib/gcc/arm-none-eabi/7.2.1/../../../../arm-none-eabi/lib/thumb/v6-m\libc_nano.a
END GROUP
START GROUP
LOAD c:/freescale/kds_v3/toolchain/bin/../lib/gcc/arm-none-eabi/7.2.1/thumb/v6-m\libgcc.a
LOAD c:/freescale/kds_v3/toolchain/bin/../lib/gcc/arm-none-eabi/7.2.1/../../../../arm-none-eabi/lib/thumb/v6-m\libc_nano.a
LOAD c:/freescale/kds_v3/toolchain/bin/../lib/gcc/arm-none-eabi/7.2.1/../../../../arm-none-eabi/lib/thumb/v6-m\libnosys.a
END GROUP
START GROUP
LOAD c:/freescale/kds_v3/toolchain/bin/../lib/gcc/arm-none-eabi/7.2.1/thumb/v6-m\libgcc.a
LOAD c:/freescale/kds_v3/toolchain/bin/../lib/gcc/arm-none-eabi/7.2.1/../../../../arm-none-eabi/lib/thumb/v6-m\libc_nano.a
LOAD c:/freescale/kds_v3/toolchain/bin/../lib/gcc/arm-none-eabi/7.2.1/../../../../arm-none-eabi/lib/thumb/v6-m\libnosys.a
END GROUP
LOAD c:/freescale/kds_v3/toolchain/bin/../lib/gcc/arm-none-eabi/7.2.1/thumb/v6-m/crtend.o
LOAD c:/freescale/kds_v3/toolchain/bin/../lib/gcc/arm-none-eabi/7.2.1/thumb/v6-m/crtn.o
                0x00000100                HEAP_SIZE = DEFINED (__heap_size__)?__heap_size__:0x100
                0x00000100                STACK_SIZE = DEFINED (__stack_size__)?__stack_size__:0x100

.interrupts     0x00000000       0xc0
                0x00000000                __VECTOR_TABLE = .
                0x00000000                . = ALIGN (0x4)
 *(.isr_vector)
 .isr_vector    0x00000000       0xc0 ./Project_Settings/SKEAZN642/Startup_Code/startup_SKEAZN642.o
                0x00000000                __isr_vector
                0x000000c0                . = ALIGN (0x4)

.flash_config   0x00000400       0x10
                0x00000400                . = ALIGN (0x4)
 *(.FlashConfig)
 .FlashConfig   0x00000400       0x10 ./Project_Settings/SKEAZN642/Startup_Code/startup_SKEAZN642.o
                0x00000410                . = ALIGN (0x4)

.text           0x00000410      0x8f4
                0x00000410                . = ALIGN (0x4)
 *(.text)
 .text          0x00000410       0x48 c:/freescale/kds_v3/toolchain/bin/../lib/gcc/arm-none-eabi/7.2.1/thumb/v6-m/crtbegin.o
 .text          0x00000458       0x78 c:/freescale/kds_v3/toolchain/bin/../lib/gcc/arm-none-eabi/7.2.1/../../../../arm-none-eabi/lib/thumb/v6-m/crt0.o
                0x00000458                _start
                0x00000458                _mainCRTStartup
 .text          0x000004d0       0x44 ./Project_Settings/SKEAZN642/Startup_Code/startup_SKEAZN642.o
                0x000004d0                Reset_Handler
                0x00000510                Reserved16_IRQHandler
                0x00000510                I2C0_IRQHandler
                0x00000510                HardFault_Handler
                0x00000510                SysTick_Handler
                0x00000510                PendSV_Handler
                0x00000510                NMI_Handler
                0x00000510                Reserved19_IRQHandler
                0x00000510                Watchdog_IRQHandler
                0x00000510                Reserved42_IRQHandler
                0x00000510                ADC0_IRQHandler
                0x00000510                SPI1_IRQHandler
                0x00000510                DefaultISR
                0x00000510                Reserved25_IRQHandler
                0x00000510                RTC_IRQHandler
                0x00000510                IRQ_IRQHandler
                0x00000510                Reserved18_IRQHandler
                0x00000510                FTM1_IRQHandler
                0x00000510                PIT_CH0_IRQHandler
                0x00000510                Reserved20_IRQHandler
                0x00000510                Default_Handler
                0x00000510                Reserved17_IRQHandler
                0x00000510                Reserved47_IRQHandler
                0x00000510                ACMP0_IRQHandler
                0x00000510                SVC_Handler
                0x00000510                ICS_IRQHandler
                0x00000510                PIT_CH1_IRQHandler
                0x00000510                FTMRH_IRQHandler
                0x00000510                Reserved46_IRQHandler
                0x00000510                KBI0_IRQHandler
                0x00000510                Reserved45_IRQHandler
                0x00000510                LVD_LVW_IRQHandler
                0x00000510                SPI0_IRQHandler
                0x00000510                FTM0_IRQHandler
                0x00000510                FTM2_IRQHandler
                0x00000510                ACMP1_IRQHandler
                0x00000510                KBI1_IRQHandler
 *(.text*)
 .text.Uart_init
                0x00000514       0x90 ./test/main_test.o
                0x00000514                Uart_init
 .text.pins_init
                0x000005a4       0x48 ./test/main_test.o
                0x000005a4                pins_init
 .text.bl_hw_if_read_byte
                0x000005ec       0x54 ./test/main_test.o
                0x000005ec                bl_hw_if_read_byte
 .text.Clk_Init
                0x00000640       0x44 ./test/main_test.o
                0x00000640                Clk_Init
 .text.test_UART
                0x00000684       0x4c ./test/main_test.o
                0x00000684                test_UART
 .text.main     0x000006d0       0x10 ./test/main_test.o
                0x000006d0                main
 .text.UART0_IRQHandler
                0x000006e0       0xf8 ./Sources/drivers/UART/UART.o
                0x000006e0                UART0_IRQHandler
 .text.UART1_IRQHandler
                0x000007d8       0xf8 ./Sources/drivers/UART/UART.o
                0x000007d8                UART1_IRQHandler
 .text.UART2_IRQHandler
                0x000008d0       0xd8 ./Sources/drivers/UART/UART.o
                0x000008d0                UART2_IRQHandler
 .text.Un_RxISR
                0x000009a8       0xc0 ./Sources/drivers/UART/UART.o
                0x000009a8                Un_RxISR
 .text.Un_TxISR
                0x00000a68      0x16c ./Sources/drivers/UART/UART.o
                0x00000a68                Un_TxISR
 .text.SystemInit
                0x00000bd4       0x8c ./Project_Settings/SKEAZN642/Startup_Code/system_SKEAZN642.o
                0x00000bd4                SystemInit
 .text.exit     0x00000c60       0x2c c:/freescale/kds_v3/toolchain/bin/../lib/gcc/arm-none-eabi/7.2.1/../../../../arm-none-eabi/lib/thumb/v6-m\libg_nano.a(lib_a-exit.o)
                0x00000c60                exit
 .text.__libc_init_array
                0x00000c8c       0x48 c:/freescale/kds_v3/toolchain/bin/../lib/gcc/arm-none-eabi/7.2.1/../../../../arm-none-eabi/lib/thumb/v6-m\libg_nano.a(lib_a-init.o)
                0x00000c8c                __libc_init_array
 .text.memset   0x00000cd4       0x10 c:/freescale/kds_v3/toolchain/bin/../lib/gcc/arm-none-eabi/7.2.1/../../../../arm-none-eabi/lib/thumb/v6-m\libg_nano.a(lib_a-memset.o)
                0x00000cd4                memset
 .text._exit    0x00000ce4        0x4 c:/freescale/kds_v3/toolchain/bin/../lib/gcc/arm-none-eabi/7.2.1/../../../../arm-none-eabi/lib/thumb/v6-m\libnosys.a(_exit.o)
                0x00000ce4                _exit
 *(.rodata)
 *(.rodata*)
 .rodata._global_impure_ptr
                0x00000ce8        0x4 c:/freescale/kds_v3/toolchain/bin/../lib/gcc/arm-none-eabi/7.2.1/../../../../arm-none-eabi/lib/thumb/v6-m\libg_nano.a(lib_a-impure.o)
                0x00000ce8                _global_impure_ptr
 *(.glue_7)
 .glue_7        0x00000cec        0x0 linker stubs
 *(.glue_7t)
 .glue_7t       0x00000cec        0x0 linker stubs
 *(.eh_frame)
 .eh_frame      0x00000cec        0x0 c:/freescale/kds_v3/toolchain/bin/../lib/gcc/arm-none-eabi/7.2.1/thumb/v6-m/crtbegin.o
 *(.init)
 .init          0x00000cec        0x4 c:/freescale/kds_v3/toolchain/bin/../lib/gcc/arm-none-eabi/7.2.1/thumb/v6-m/crti.o
                0x00000cec                _init
 .init          0x00000cf0        0x8 c:/freescale/kds_v3/toolchain/bin/../lib/gcc/arm-none-eabi/7.2.1/thumb/v6-m/crtn.o
 *(.fini)
 .fini          0x00000cf8        0x4 c:/freescale/kds_v3/toolchain/bin/../lib/gcc/arm-none-eabi/7.2.1/thumb/v6-m/crti.o
                0x00000cf8                _fini
 .fini          0x00000cfc        0x8 c:/freescale/kds_v3/toolchain/bin/../lib/gcc/arm-none-eabi/7.2.1/thumb/v6-m/crtn.o
                0x00000d04                . = ALIGN (0x4)

.vfp11_veneer   0x00000d04        0x0
 .vfp11_veneer  0x00000d04        0x0 linker stubs

.v4_bx          0x00000d04        0x0
 .v4_bx         0x00000d04        0x0 linker stubs

.iplt           0x00000d04        0x0
 .iplt          0x00000d04        0x0 c:/freescale/kds_v3/toolchain/bin/../lib/gcc/arm-none-eabi/7.2.1/thumb/v6-m/crtbegin.o

.ARM.extab
 *(.ARM.extab* .gnu.linkonce.armextab.*)

.ARM            0x00000d04        0x8
                0x00000d04                __exidx_start = .
 *(.ARM.exidx*)
 .ARM.exidx     0x00000d04        0x8 c:/freescale/kds_v3/toolchain/bin/../lib/gcc/arm-none-eabi/7.2.1/../../../../arm-none-eabi/lib/thumb/v6-m/crt0.o
                0x00000d0c                __exidx_end = .

.rel.dyn        0x00000d0c        0x0
 .rel.iplt      0x00000d0c        0x0 c:/freescale/kds_v3/toolchain/bin/../lib/gcc/arm-none-eabi/7.2.1/thumb/v6-m/crtbegin.o

.ctors          0x00000d0c        0x0
                0x00000d0c                __CTOR_LIST__ = .
 *crtbegin.o(.ctors)
 *crtbegin?.o(.ctors)
 *(EXCLUDE_FILE(*crtend.o *crtend?.o) .ctors)
 *(SORT_BY_NAME(.ctors.*))
 *(.ctors)
                0x00000d0c                __CTOR_END__ = .

.dtors          0x00000d0c        0x0
                0x00000d0c                __DTOR_LIST__ = .
 *crtbegin.o(.dtors)
 *crtbegin?.o(.dtors)
 *(EXCLUDE_FILE(*crtend.o *crtend?.o) .dtors)
 *(SORT_BY_NAME(.dtors.*))
 *(.dtors)
                0x00000d0c                __DTOR_END__ = .

.preinit_array  0x00000d0c        0x0
                0x00000d0c                PROVIDE (__preinit_array_start, .)
 *(.preinit_array*)
                0x00000d0c                PROVIDE (__preinit_array_end, .)

.init_array     0x00000d0c        0x4
                0x00000d0c                PROVIDE (__init_array_start, .)
 *(SORT_BY_NAME(.init_array.*))
 *(.init_array*)
 .init_array    0x00000d0c        0x4 c:/freescale/kds_v3/toolchain/bin/../lib/gcc/arm-none-eabi/7.2.1/thumb/v6-m/crtbegin.o
                0x00000d10                PROVIDE (__init_array_end, .)

.fini_array     0x00000d10        0x4
                [!provide]                PROVIDE (__fini_array_start, .)
 *(SORT_BY_NAME(.fini_array.*))
 *(.fini_array*)
 .fini_array    0x00000d10        0x4 c:/freescale/kds_v3/toolchain/bin/../lib/gcc/arm-none-eabi/7.2.1/thumb/v6-m/crtbegin.o
                [!provide]                PROVIDE (__fini_array_end, .)
                0x00000d14                __etext = .
                0x00000d14                __DATA_ROM = .

.mtb            0x1ffffc00        0x0
                0x1ffffc00                . = ALIGN (0x8)
                0x1ffffc00                _mtb_start = .
 *(.mtb_buf)
                0x1ffffc00                . = ALIGN (0x8)
                0x1ffffc00                _mtb_end = .

.data           0x1ffffc00       0x60 load address 0x00000d14
                0x1ffffc00                . = ALIGN (0x4)
                0x1ffffc00                __DATA_RAM = .
                0x1ffffc00                __data_start__ = .
 *(.data)
 *(.data*)
 .data.impure_data
                0x1ffffc00       0x60 c:/freescale/kds_v3/toolchain/bin/../lib/gcc/arm-none-eabi/7.2.1/../../../../arm-none-eabi/lib/thumb/v6-m\libg_nano.a(lib_a-impure.o)
 *(.jcr*)
                0x1ffffc60                . = ALIGN (0x4)
                0x1ffffc60                __data_end__ = .
                0x00000d74                __DATA_END = (__DATA_ROM + (__data_end__ - __data_start__))

.igot.plt       0x1ffffc60        0x0 load address 0x00000d74
 .igot.plt      0x1ffffc60        0x0 c:/freescale/kds_v3/toolchain/bin/../lib/gcc/arm-none-eabi/7.2.1/thumb/v6-m/crtbegin.o

.bss            0x1ffffc60      0x370 load address 0x00000d74
                0x1ffffc60                . = ALIGN (0x4)
                0x1ffffc60                __START_BSS = .
                0x1ffffc60                __bss_start__ = .
 *(.bss)
 .bss           0x1ffffc60       0x1c c:/freescale/kds_v3/toolchain/bin/../lib/gcc/arm-none-eabi/7.2.1/thumb/v6-m/crtbegin.o
 *(.bss*)
 .bss.Un_Inst   0x1ffffc7c      0x354 ./Sources/drivers/UART/UART.o
 *(COMMON)
                0x1fffffd0                . = ALIGN (0x4)
                0x1fffffd0                __bss_end__ = .
                0x1fffffd0                __END_BSS = .

.heap           0x1fffffd0      0x100 load address 0x000010e4
                0x1fffffd0                . = ALIGN (0x8)
                0x1fffffd0                __end__ = .
                [!provide]                PROVIDE (end, .)
                0x1fffffd0                __HeapBase = .
                0x200000d0                . = (. + HEAP_SIZE)
 *fill*         0x1fffffd0      0x100 
                0x200000d0                __HeapLimit = .

.stack          0x200000d0      0x100 load address 0x000011e4
                0x200000d0                . = ALIGN (0x8)
                0x200001d0                . = (. + STACK_SIZE)
 *fill*         0x200000d0      0x100 
                0x200001d0                __StackTop = .
                0x200000d0                __StackLimit = (__StackTop - STACK_SIZE)
                0x200001d0                PROVIDE (__stack, __StackTop)

.ARM.attributes
                0x00000000       0x28
 *(.ARM.attributes)
 .ARM.attributes
                0x00000000       0x1e c:/freescale/kds_v3/toolchain/bin/../lib/gcc/arm-none-eabi/7.2.1/thumb/v6-m/crti.o
 .ARM.attributes
                0x0000001e       0x2c c:/freescale/kds_v3/toolchain/bin/../lib/gcc/arm-none-eabi/7.2.1/thumb/v6-m/crtbegin.o
 .ARM.attributes
                0x0000004a       0x1b c:/freescale/kds_v3/toolchain/bin/../lib/gcc/arm-none-eabi/7.2.1/../../../../arm-none-eabi/lib/thumb/v6-m/crt0.o
 .ARM.attributes
                0x00000065       0x32 ./test/main_test.o
 .ARM.attributes
                0x00000097       0x32 ./Sources/drivers/UART/UART.o
 .ARM.attributes
                0x000000c9       0x1b ./Project_Settings/SKEAZN642/Startup_Code/startup_SKEAZN642.o
 .ARM.attributes
                0x000000e4       0x32 ./Project_Settings/SKEAZN642/Startup_Code/system_SKEAZN642.o
 .ARM.attributes
                0x00000116       0x2c c:/freescale/kds_v3/toolchain/bin/../lib/gcc/arm-none-eabi/7.2.1/../../../../arm-none-eabi/lib/thumb/v6-m\libg_nano.a(lib_a-exit.o)
 .ARM.attributes
                0x00000142       0x2c c:/freescale/kds_v3/toolchain/bin/../lib/gcc/arm-none-eabi/7.2.1/../../../../arm-none-eabi/lib/thumb/v6-m\libg_nano.a(lib_a-impure.o)
 .ARM.attributes
                0x0000016e       0x2c c:/freescale/kds_v3/toolchain/bin/../lib/gcc/arm-none-eabi/7.2.1/../../../../arm-none-eabi/lib/thumb/v6-m\libg_nano.a(lib_a-init.o)
 .ARM.attributes
                0x0000019a       0x2c c:/freescale/kds_v3/toolchain/bin/../lib/gcc/arm-none-eabi/7.2.1/../../../../arm-none-eabi/lib/thumb/v6-m\libg_nano.a(lib_a-memset.o)
 .ARM.attributes
                0x000001c6       0x2c c:/freescale/kds_v3/toolchain/bin/../lib/gcc/arm-none-eabi/7.2.1/../../../../arm-none-eabi/lib/thumb/v6-m\libnosys.a(_exit.o)
 .ARM.attributes
                0x000001f2       0x1e c:/freescale/kds_v3/toolchain/bin/../lib/gcc/arm-none-eabi/7.2.1/thumb/v6-m/crtn.o
OUTPUT(KEA64_UART_Bootloader.elf elf32-littlearm)

.debug_info     0x00000000     0x1b9a
 .debug_info    0x00000000      0x616 ./test/main_test.o
 .debug_info    0x00000616     0x1240 ./Sources/drivers/UART/UART.o
 .debug_info    0x00001856       0x26 ./Project_Settings/SKEAZN642/Startup_Code/startup_SKEAZN642.o
 .debug_info    0x0000187c      0x31e ./Project_Settings/SKEAZN642/Startup_Code/system_SKEAZN642.o

.debug_abbrev   0x00000000      0x599
 .debug_abbrev  0x00000000      0x1aa ./test/main_test.o
 .debug_abbrev  0x000001aa      0x2cc ./Sources/drivers/UART/UART.o
 .debug_abbrev  0x00000476       0x14 ./Project_Settings/SKEAZN642/Startup_Code/startup_SKEAZN642.o
 .debug_abbrev  0x0000048a      0x10f ./Project_Settings/SKEAZN642/Startup_Code/system_SKEAZN642.o

.debug_aranges  0x00000000      0x130
 .debug_aranges
                0x00000000       0x60 ./test/main_test.o
 .debug_aranges
                0x00000060       0x88 ./Sources/drivers/UART/UART.o
 .debug_aranges
                0x000000e8       0x20 ./Project_Settings/SKEAZN642/Startup_Code/startup_SKEAZN642.o
 .debug_aranges
                0x00000108       0x28 ./Project_Settings/SKEAZN642/Startup_Code/system_SKEAZN642.o

.debug_ranges   0x00000000       0xe0
 .debug_ranges  0x00000000       0x50 ./test/main_test.o
 .debug_ranges  0x00000050       0x78 ./Sources/drivers/UART/UART.o
 .debug_ranges  0x000000c8       0x18 ./Project_Settings/SKEAZN642/Startup_Code/system_SKEAZN642.o

.debug_macro    0x00000000     0x5bd7
 .debug_macro   0x00000000      0x12b ./test/main_test.o
 .debug_macro   0x0000012b      0xa30 ./test/main_test.o
 .debug_macro   0x00000b5b       0x22 ./test/main_test.o
 .debug_macro   0x00000b7d       0x4f ./test/main_test.o
 .debug_macro   0x00000bcc       0x51 ./test/main_test.o
 .debug_macro   0x00000c1d       0xef ./test/main_test.o
 .debug_macro   0x00000d0c       0x6a ./test/main_test.o
 .debug_macro   0x00000d76      0x1df ./test/main_test.o
 .debug_macro   0x00000f55       0x63 ./test/main_test.o
 .debug_macro   0x00000fb8       0x3a ./test/main_test.o
 .debug_macro   0x00000ff2       0x26 ./test/main_test.o
 .debug_macro   0x00001018      0x306 ./test/main_test.o
 .debug_macro   0x0000131e       0x28 ./test/main_test.o
 .debug_macro   0x00001346     0x390e ./test/main_test.o
 .debug_macro   0x00004c54       0x16 ./test/main_test.o
 .debug_macro   0x00004c6a       0x22 ./test/main_test.o
 .debug_macro   0x00004c8c       0x58 ./test/main_test.o
 .debug_macro   0x00004ce4       0xb0 ./test/main_test.o
 .debug_macro   0x00004d94      0x1bc ./Sources/drivers/UART/UART.o
 .debug_macro   0x00004f50       0x52 ./Sources/drivers/UART/UART.o
 .debug_macro   0x00004fa2       0x17 ./Sources/drivers/UART/UART.o
 .debug_macro   0x00004fb9       0x55 ./Sources/drivers/UART/UART.o
 .debug_macro   0x0000500e       0x35 ./Sources/drivers/UART/UART.o
 .debug_macro   0x00005043       0x9c ./Sources/drivers/UART/UART.o
 .debug_macro   0x000050df       0x16 ./Sources/drivers/UART/UART.o
 .debug_macro   0x000050f5       0x57 ./Sources/drivers/UART/UART.o
 .debug_macro   0x0000514c       0x97 ./Sources/drivers/UART/UART.o
 .debug_macro   0x000051e3      0x353 ./Sources/drivers/UART/UART.o
 .debug_macro   0x00005536       0xf6 ./Sources/drivers/UART/UART.o
 .debug_macro   0x0000562c       0x10 ./Sources/drivers/UART/UART.o
 .debug_macro   0x0000563c       0x58 ./Sources/drivers/UART/UART.o
 .debug_macro   0x00005694       0x1f ./Sources/drivers/UART/UART.o
 .debug_macro   0x000056b3       0x43 ./Sources/drivers/UART/UART.o
 .debug_macro   0x000056f6       0x20 ./Sources/drivers/UART/UART.o
 .debug_macro   0x00005716      0x18e ./Sources/drivers/UART/UART.o
 .debug_macro   0x000058a4       0x10 ./Sources/drivers/UART/UART.o
 .debug_macro   0x000058b4       0xb6 ./Sources/drivers/UART/UART.o
 .debug_macro   0x0000596a       0x16 ./Sources/drivers/UART/UART.o
 .debug_macro   0x00005980      0x129 ./Sources/drivers/UART/UART.o
 .debug_macro   0x00005aa9       0x2e ./Sources/drivers/UART/UART.o
 .debug_macro   0x00005ad7       0x39 ./Sources/drivers/UART/UART.o
 .debug_macro   0x00005b10       0x28 ./Sources/drivers/UART/UART.o
 .debug_macro   0x00005b38       0x9f ./Project_Settings/SKEAZN642/Startup_Code/system_SKEAZN642.o

.debug_line     0x00000000      0xc27
 .debug_line    0x00000000      0x391 ./test/main_test.o
 .debug_line    0x00000391      0x5a1 ./Sources/drivers/UART/UART.o
 .debug_line    0x00000932       0x8f ./Project_Settings/SKEAZN642/Startup_Code/startup_SKEAZN642.o
 .debug_line    0x000009c1      0x266 ./Project_Settings/SKEAZN642/Startup_Code/system_SKEAZN642.o

.debug_str      0x00000000    0x19d63
 .debug_str     0x00000000    0x15fd5 ./test/main_test.o
                              0x163db (size before relaxing)
 .debug_str     0x00015fd5     0x3c7e ./Sources/drivers/UART/UART.o
                              0x19719 (size before relaxing)
 .debug_str     0x00019c53       0x4e ./Project_Settings/SKEAZN642/Startup_Code/startup_SKEAZN642.o
                                 0x78 (size before relaxing)
 .debug_str     0x00019ca1       0xc2 ./Project_Settings/SKEAZN642/Startup_Code/system_SKEAZN642.o
                              0x15a55 (size before relaxing)

.comment        0x00000000       0x7e
 .comment       0x00000000       0x7e ./test/main_test.o
                                 0x7f (size before relaxing)
 .comment       0x0000007e       0x7f ./Sources/drivers/UART/UART.o
 .comment       0x0000007e       0x7f ./Project_Settings/SKEAZN642/Startup_Code/system_SKEAZN642.o

.debug_frame    0x00000000      0x3dc
 .debug_frame   0x00000000      0x128 ./test/main_test.o
 .debug_frame   0x00000128      0x1d4 ./Sources/drivers/UART/UART.o
 .debug_frame   0x000002fc       0x4c ./Project_Settings/SKEAZN642/Startup_Code/system_SKEAZN642.o
 .debug_frame   0x00000348       0x28 c:/freescale/kds_v3/toolchain/bin/../lib/gcc/arm-none-eabi/7.2.1/../../../../arm-none-eabi/lib/thumb/v6-m\libg_nano.a(lib_a-exit.o)
 .debug_frame   0x00000370       0x2c c:/freescale/kds_v3/toolchain/bin/../lib/gcc/arm-none-eabi/7.2.1/../../../../arm-none-eabi/lib/thumb/v6-m\libg_nano.a(lib_a-init.o)
 .debug_frame   0x0000039c       0x20 c:/freescale/kds_v3/toolchain/bin/../lib/gcc/arm-none-eabi/7.2.1/../../../../arm-none-eabi/lib/thumb/v6-m\libg_nano.a(lib_a-memset.o)
 .debug_frame   0x000003bc       0x20 c:/freescale/kds_v3/toolchain/bin/../lib/gcc/arm-none-eabi/7.2.1/../../../../arm-none-eabi/lib/thumb/v6-m\libnosys.a(_exit.o)
